INFO  [pool-3-thread-1] 2025-06-30 10:56:57,083 repast.simphony.batch.ssh.LocalDonePoller - Polled C:\Users\fniet\AppData\Local\Temp\simphony_model_1751291633672 for DONE:  yes
INFO  [SwingWorker-pool-1-thread-2] 2025-06-30 10:56:57,083 repast.simphony.batch.ssh.SessionsDriver - Run Time: 3,0099
INFO  [SwingWorker-pool-1-thread-2] 2025-06-30 10:56:57,096 repast.simphony.batch.ssh.LocalSession - Finding output on localhost in C:\Users\fniet\AppData\Local\Temp\simphony_model_1751291633672
INFO  [SwingWorker-pool-1-thread-2] 2025-06-30 10:56:57,099 repast.simphony.batch.ssh.SessionsDriver - Aggregating output into C:/Users/fniet/OneDrive/Documentos/GitHub/endomembraneSystemTf/immunity/output
INFO  [SwingWorker-pool-1-thread-2] 2025-06-30 10:56:57,100 repast.simphony.batch.ssh.SessionsDriver - Get Output Time: 0,0003
INFO  [SwingWorker-pool-1-thread-2] 2025-06-30 10:56:57,100 repast.simphony.batch.ssh.SessionsDriver - Finished. Elapsed Time: 3,0574
INFO  [AWT-EventQueue-0] 2025-06-30 11:26:29,766 repast.simphony.batch.gui.BatchConfigMediator - Writing batch run config file to: C:\Users\fniet\OneDrive\Documentos\GitHub\endomembraneSystemTf\immunity\output\config.props
INFO  [AWT-EventQueue-0] 2025-06-30 11:26:29,785 repast.simphony.batch.gui.BatchConfigMediator - Unrolling batch parameter file:
	C:\Users\fniet\OneDrive\Documentos\GitHub\endomembraneSystemTf\immunity\batch\batch_params.xml to
	C:\Users\fniet\AppData\Local\Temp\unrolledParamFile.txt
INFO  [SwingWorker-pool-1-thread-3] 2025-06-30 11:26:39,987 repast.simphony.batch.ssh.LocalSession - 
	Copying locally C:\Users\fniet\AppData\Local\Temp\fniet_localhost5967138477837178580.zip to 
C:\Users\fniet\AppData\Local\Temp\simphony_model_1751293598223 ...
INFO  [SwingWorker-pool-1-thread-3] 2025-06-30 11:26:40,048 repast.simphony.batch.ssh.LocalSession - Copying Finished.
INFO  [SwingWorker-pool-1-thread-3] 2025-06-30 11:26:40,048 repast.simphony.batch.ssh.SessionsDriver - Initialization Time: 0,0304
INFO  [SwingWorker-pool-1-thread-3] 2025-06-30 11:26:40,048 repast.simphony.batch.ssh.LocalSession - Unzipping model C:\Users\fniet\AppData\Local\Temp\simphony_model_1751293598223\fniet_localhost5967138477837178580.zip
INFO  [SwingWorker-pool-1-thread-3] 2025-06-30 11:26:40,402 repast.simphony.batch.ssh.LocalSession - Running model on localhost ...
INFO  [Thread-2] 2025-06-30 11:26:52,041 repast.simphony.batch.ssh.LocalSession - WARNING: An illegal reflective access operation has occurred
INFO  [Thread-2] 2025-06-30 11:26:52,041 repast.simphony.batch.ssh.LocalSession - WARNING: Illegal reflective access by com.thoughtworks.xstream.core.util.Fields (file:/C:/Users/fniet/AppData/Local/Temp/simphony_model_1751293598223/lib/xstream-1.4.7.jar) to field java.util.TreeMap.comparator
INFO  [Thread-2] 2025-06-30 11:26:52,041 repast.simphony.batch.ssh.LocalSession - WARNING: Please consider reporting this to the maintainers of com.thoughtworks.xstream.core.util.Fields
INFO  [Thread-2] 2025-06-30 11:26:52,041 repast.simphony.batch.ssh.LocalSession - WARNING: Use --illegal-access=warn to enable warnings of further illegal reflective access operations
INFO  [Thread-2] 2025-06-30 11:26:52,041 repast.simphony.batch.ssh.LocalSession - WARNING: All illegal access operations will be denied in a future release
INFO  [Thread-2] 2025-06-30 11:26:52,112 repast.simphony.batch.ssh.LocalSession - WARNING: An illegal reflective access operation has occurred
INFO  [Thread-2] 2025-06-30 11:26:52,112 repast.simphony.batch.ssh.LocalSession - WARNING: Illegal reflective access by com.thoughtworks.xstream.core.util.Fields (file:/C:/Users/fniet/AppData/Local/Temp/simphony_model_1751293598223/lib/xstream-1.4.7.jar) to field java.util.TreeMap.comparator
INFO  [Thread-2] 2025-06-30 11:26:52,112 repast.simphony.batch.ssh.LocalSession - WARNING: Please consider reporting this to the maintainers of com.thoughtworks.xstream.core.util.Fields
INFO  [Thread-2] 2025-06-30 11:26:52,112 repast.simphony.batch.ssh.LocalSession - WARNING: Use --illegal-access=warn to enable warnings of further illegal reflective access operations
INFO  [Thread-2] 2025-06-30 11:26:52,112 repast.simphony.batch.ssh.LocalSession - WARNING: All illegal access operations will be denied in a future release
INFO  [Thread-2] 2025-06-30 11:26:52,464 repast.simphony.batch.ssh.LocalSession - mypath = C:/Users/fniet/OneDrive/Documentos/GitHub/endomembraneSystemTf/immunity/
INFO  [Thread-2] 2025-06-30 11:26:52,464 repast.simphony.batch.ssh.LocalSession - mypath out= C:/Users/fniet/OneDrive/Documentos/GitHub/endomembraneSystemTf/immunity//output/2025-06-30-11-26-253-82ec4376/
INFO  [Thread-2] 2025-06-30 11:26:52,472 repast.simphony.batch.ssh.LocalSession - mypath = C:/Users/fniet/OneDrive/Documentos/GitHub/endomembraneSystemTf/immunity/
INFO  [Thread-2] 2025-06-30 11:26:52,472 repast.simphony.batch.ssh.LocalSession - mypath out= C:/Users/fniet/OneDrive/Documentos/GitHub/endomembraneSystemTf/immunity//output/2025-06-30-11-26-301-73f910ff/
INFO  [Thread-2] 2025-06-30 11:26:52,545 repast.simphony.batch.ssh.LocalSession - Break tick: 60100.0
INFO  [Thread-2] 2025-06-30 11:26:52,561 repast.simphony.batch.ssh.LocalSession - Break tick: 60100.0
INFO  [pool-4-thread-1] 2025-06-30 11:27:40,420 repast.simphony.batch.ssh.LocalDonePoller - Polled C:\Users\fniet\AppData\Local\Temp\simphony_model_1751293598223 for DONE:  no
INFO  [pool-4-thread-1] 2025-06-30 11:28:40,427 repast.simphony.batch.ssh.LocalDonePoller - Polled C:\Users\fniet\AppData\Local\Temp\simphony_model_1751293598223 for DONE:  no
INFO  [pool-4-thread-1] 2025-06-30 11:29:40,442 repast.simphony.batch.ssh.LocalDonePoller - Polled C:\Users\fniet\AppData\Local\Temp\simphony_model_1751293598223 for DONE:  no
INFO  [pool-4-thread-1] 2025-06-30 11:30:40,444 repast.simphony.batch.ssh.LocalDonePoller - Polled C:\Users\fniet\AppData\Local\Temp\simphony_model_1751293598223 for DONE:  no
INFO  [pool-4-thread-1] 2025-06-30 11:31:40,454 repast.simphony.batch.ssh.LocalDonePoller - Polled C:\Users\fniet\AppData\Local\Temp\simphony_model_1751293598223 for DONE:  yes
INFO  [SwingWorker-pool-1-thread-3] 2025-06-30 11:31:40,454 repast.simphony.batch.ssh.SessionsDriver - Run Time: 5,0068
INFO  [SwingWorker-pool-1-thread-3] 2025-06-30 11:31:40,479 repast.simphony.batch.ssh.LocalSession - Finding output on localhost in C:\Users\fniet\AppData\Local\Temp\simphony_model_1751293598223
INFO  [SwingWorker-pool-1-thread-3] 2025-06-30 11:31:40,479 repast.simphony.batch.ssh.SessionsDriver - Aggregating output into C:/Users/fniet/OneDrive/Documentos/GitHub/endomembraneSystemTf/immunity/output
INFO  [SwingWorker-pool-1-thread-3] 2025-06-30 11:31:40,479 repast.simphony.batch.ssh.SessionsDriver - Get Output Time: 0,0004
INFO  [SwingWorker-pool-1-thread-3] 2025-06-30 11:31:40,479 repast.simphony.batch.ssh.SessionsDriver - Finished. Elapsed Time: 5,0378
INFO  [AWT-EventQueue-0] 2025-06-30 12:33:16,531 repast.simphony.batch.gui.BatchConfigMediator - Writing batch run config file to: C:\Users\fniet\OneDrive\Documentos\GitHub\endomembraneSystemTf\immunity\output\config.props
INFO  [AWT-EventQueue-0] 2025-06-30 12:33:16,545 repast.simphony.batch.gui.BatchConfigMediator - Unrolling batch parameter file:
	C:\Users\fniet\OneDrive\Documentos\GitHub\endomembraneSystemTf\immunity\batch\batch_params.xml to
	C:\Users\fniet\AppData\Local\Temp\unrolledParamFile.txt
INFO  [SwingWorker-pool-1-thread-4] 2025-06-30 12:33:28,695 repast.simphony.batch.ssh.LocalSession - 
	Copying locally C:\Users\fniet\AppData\Local\Temp\fniet_localhost468742373897284129.zip to 
C:\Users\fniet\AppData\Local\Temp\simphony_model_1751297606799 ...
INFO  [SwingWorker-pool-1-thread-4] 2025-06-30 12:33:28,759 repast.simphony.batch.ssh.LocalSession - Copying Finished.
INFO  [SwingWorker-pool-1-thread-4] 2025-06-30 12:33:28,759 repast.simphony.batch.ssh.SessionsDriver - Initialization Time: 0,0327
INFO  [SwingWorker-pool-1-thread-4] 2025-06-30 12:33:28,759 repast.simphony.batch.ssh.LocalSession - Unzipping model C:\Users\fniet\AppData\Local\Temp\simphony_model_1751297606799\fniet_localhost468742373897284129.zip
INFO  [SwingWorker-pool-1-thread-4] 2025-06-30 12:33:29,303 repast.simphony.batch.ssh.LocalSession - Running model on localhost ...
INFO  [Thread-3] 2025-06-30 12:33:42,781 repast.simphony.batch.ssh.LocalSession - ERROR [main] 12:33:42,765 repast.simphony.batch.InstanceRunner - Error while running model
INFO  [Thread-3] 2025-06-30 12:33:42,781 repast.simphony.batch.ssh.LocalSession - java.lang.NoClassDefFoundError: ContinuousSpace
INFO  [Thread-3] 2025-06-30 12:33:42,781 repast.simphony.batch.ssh.LocalSession - 	at java.base/java.lang.Class.getDeclaredMethods0(Native Method)
INFO  [Thread-3] 2025-06-30 12:33:42,781 repast.simphony.batch.ssh.LocalSession - 	at java.base/java.lang.Class.privateGetDeclaredMethods(Class.java:3166)
INFO  [Thread-3] 2025-06-30 12:33:42,781 repast.simphony.batch.ssh.LocalSession - 	at java.base/java.lang.Class.privateGetPublicMethods(Class.java:3191)
INFO  [Thread-3] 2025-06-30 12:33:42,781 repast.simphony.batch.ssh.LocalSession - 	at java.base/java.lang.Class.getMethods(Class.java:1904)
INFO  [Thread-3] 2025-06-30 12:33:42,781 repast.simphony.batch.ssh.LocalSession - 	at repast.simphony.engine.watcher.WatchAnnotationReader.findWatchAnnotation(WatchAnnotationReader.java:42)
INFO  [Thread-3] 2025-06-30 12:33:42,781 repast.simphony.batch.ssh.LocalSession - 	at repast.simphony.engine.watcher.WatchAnnotationReader.processClass(WatchAnnotationReader.java:30)
INFO  [Thread-3] 2025-06-30 12:33:42,781 repast.simphony.batch.ssh.LocalSession - 	at repast.simphony.engine.watcher.WatchAnnotationReader.processClasses(WatchAnnotationReader.java:36)
INFO  [Thread-3] 2025-06-30 12:33:42,781 repast.simphony.batch.ssh.LocalSession - 	at repast.simphony.scenario.ScenarioLoader.load(ScenarioLoader.java:155)
INFO  [Thread-3] 2025-06-30 12:33:42,781 repast.simphony.batch.ssh.LocalSession - 	at repast.simphony.batch.OneRunBatchRunner.init(OneRunBatchRunner.java:53)
INFO  [Thread-3] 2025-06-30 12:33:42,781 repast.simphony.batch.ssh.LocalSession - 	at repast.simphony.batch.OneRunBatchRunner.<init>(OneRunBatchRunner.java:47)
INFO  [Thread-3] 2025-06-30 12:33:42,781 repast.simphony.batch.ssh.LocalSession - 	at repast.simphony.batch.InstanceRunner.configure(InstanceRunner.java:159)
INFO  [Thread-3] 2025-06-30 12:33:42,781 repast.simphony.batch.ssh.LocalSession - 	at repast.simphony.batch.InstanceRunner.main(InstanceRunner.java:216)
INFO  [Thread-3] 2025-06-30 12:33:42,781 repast.simphony.batch.ssh.LocalSession - Caused by: java.lang.ClassNotFoundException: ContinuousSpace
INFO  [Thread-3] 2025-06-30 12:33:42,781 repast.simphony.batch.ssh.LocalSession - 	at java.base/jdk.internal.loader.BuiltinClassLoader.loadClass(BuiltinClassLoader.java:581)
INFO  [Thread-3] 2025-06-30 12:33:42,781 repast.simphony.batch.ssh.LocalSession - 	at java.base/jdk.internal.loader.ClassLoaders$AppClassLoader.loadClass(ClassLoaders.java:178)
INFO  [Thread-3] 2025-06-30 12:33:42,781 repast.simphony.batch.ssh.LocalSession - 	at java.base/java.lang.ClassLoader.loadClass(ClassLoader.java:522)
INFO  [Thread-3] 2025-06-30 12:33:42,781 repast.simphony.batch.ssh.LocalSession - 	... 12 more
INFO  [Thread-3] 2025-06-30 12:33:42,817 repast.simphony.batch.ssh.LocalSession - ERROR [main] 12:33:42,815 repast.simphony.batch.InstanceRunner - Error while running model
INFO  [Thread-3] 2025-06-30 12:33:42,819 repast.simphony.batch.ssh.LocalSession - java.lang.NoClassDefFoundError: ContinuousSpace
INFO  [Thread-3] 2025-06-30 12:33:42,819 repast.simphony.batch.ssh.LocalSession - 	at java.base/java.lang.Class.getDeclaredMethods0(Native Method)
INFO  [Thread-3] 2025-06-30 12:33:42,819 repast.simphony.batch.ssh.LocalSession - 	at java.base/java.lang.Class.privateGetDeclaredMethods(Class.java:3166)
INFO  [Thread-3] 2025-06-30 12:33:42,819 repast.simphony.batch.ssh.LocalSession - 	at java.base/java.lang.Class.privateGetPublicMethods(Class.java:3191)
INFO  [Thread-3] 2025-06-30 12:33:42,819 repast.simphony.batch.ssh.LocalSession - 	at java.base/java.lang.Class.getMethods(Class.java:1904)
INFO  [Thread-3] 2025-06-30 12:33:42,819 repast.simphony.batch.ssh.LocalSession - 	at repast.simphony.engine.watcher.WatchAnnotationReader.findWatchAnnotation(WatchAnnotationReader.java:42)
INFO  [Thread-3] 2025-06-30 12:33:42,819 repast.simphony.batch.ssh.LocalSession - 	at repast.simphony.engine.watcher.WatchAnnotationReader.processClass(WatchAnnotationReader.java:30)
INFO  [Thread-3] 2025-06-30 12:33:42,819 repast.simphony.batch.ssh.LocalSession - 	at repast.simphony.engine.watcher.WatchAnnotationReader.processClasses(WatchAnnotationReader.java:36)
INFO  [Thread-3] 2025-06-30 12:33:42,819 repast.simphony.batch.ssh.LocalSession - 	at repast.simphony.scenario.ScenarioLoader.load(ScenarioLoader.java:155)
INFO  [Thread-3] 2025-06-30 12:33:42,819 repast.simphony.batch.ssh.LocalSession - 	at repast.simphony.batch.OneRunBatchRunner.init(OneRunBatchRunner.java:53)
INFO  [Thread-3] 2025-06-30 12:33:42,819 repast.simphony.batch.ssh.LocalSession - 	at repast.simphony.batch.OneRunBatchRunner.<init>(OneRunBatchRunner.java:47)
INFO  [Thread-3] 2025-06-30 12:33:42,819 repast.simphony.batch.ssh.LocalSession - 	at repast.simphony.batch.InstanceRunner.configure(InstanceRunner.java:159)
INFO  [Thread-3] 2025-06-30 12:33:42,819 repast.simphony.batch.ssh.LocalSession - 	at repast.simphony.batch.InstanceRunner.main(InstanceRunner.java:216)
INFO  [Thread-3] 2025-06-30 12:33:42,819 repast.simphony.batch.ssh.LocalSession - Caused by: java.lang.ClassNotFoundException: ContinuousSpace
INFO  [Thread-3] 2025-06-30 12:33:42,819 repast.simphony.batch.ssh.LocalSession - 	at java.base/jdk.internal.loader.BuiltinClassLoader.loadClass(BuiltinClassLoader.java:581)
INFO  [Thread-3] 2025-06-30 12:33:42,819 repast.simphony.batch.ssh.LocalSession - 	at java.base/jdk.internal.loader.ClassLoaders$AppClassLoader.loadClass(ClassLoaders.java:178)
INFO  [Thread-3] 2025-06-30 12:33:42,819 repast.simphony.batch.ssh.LocalSession - 	at java.base/java.lang.ClassLoader.loadClass(ClassLoader.java:522)
INFO  [Thread-3] 2025-06-30 12:33:42,819 repast.simphony.batch.ssh.LocalSession - 	... 12 more
INFO  [Thread-3] 2025-06-30 12:33:42,830 repast.simphony.batch.ssh.LocalSession - ERROR [main] 12:33:42,827 repast.simphony.batch.InstanceRunner - Error while running model
INFO  [Thread-3] 2025-06-30 12:33:42,830 repast.simphony.batch.ssh.LocalSession - java.lang.NoClassDefFoundError: ContinuousSpace
INFO  [Thread-3] 2025-06-30 12:33:42,830 repast.simphony.batch.ssh.LocalSession - 	at java.base/java.lang.Class.getDeclaredMethods0(Native Method)
INFO  [Thread-3] 2025-06-30 12:33:42,830 repast.simphony.batch.ssh.LocalSession - 	at java.base/java.lang.Class.privateGetDeclaredMethods(Class.java:3166)
INFO  [Thread-3] 2025-06-30 12:33:42,830 repast.simphony.batch.ssh.LocalSession - 	at java.base/java.lang.Class.privateGetPublicMethods(Class.java:3191)
INFO  [Thread-3] 2025-06-30 12:33:42,830 repast.simphony.batch.ssh.LocalSession - 	at java.base/java.lang.Class.getMethods(Class.java:1904)
INFO  [Thread-3] 2025-06-30 12:33:42,830 repast.simphony.batch.ssh.LocalSession - 	at repast.simphony.engine.watcher.WatchAnnotationReader.findWatchAnnotation(WatchAnnotationReader.java:42)
INFO  [Thread-3] 2025-06-30 12:33:42,830 repast.simphony.batch.ssh.LocalSession - 	at repast.simphony.engine.watcher.WatchAnnotationReader.processClass(WatchAnnotationReader.java:30)
INFO  [Thread-3] 2025-06-30 12:33:42,830 repast.simphony.batch.ssh.LocalSession - 	at repast.simphony.engine.watcher.WatchAnnotationReader.processClasses(WatchAnnotationReader.java:36)
INFO  [Thread-3] 2025-06-30 12:33:42,830 repast.simphony.batch.ssh.LocalSession - 	at repast.simphony.scenario.ScenarioLoader.load(ScenarioLoader.java:155)
INFO  [Thread-3] 2025-06-30 12:33:42,830 repast.simphony.batch.ssh.LocalSession - 	at repast.simphony.batch.OneRunBatchRunner.init(OneRunBatchRunner.java:53)
INFO  [Thread-3] 2025-06-30 12:33:42,830 repast.simphony.batch.ssh.LocalSession - 	at repast.simphony.batch.OneRunBatchRunner.<init>(OneRunBatchRunner.java:47)
INFO  [Thread-3] 2025-06-30 12:33:42,830 repast.simphony.batch.ssh.LocalSession - 	at repast.simphony.batch.InstanceRunner.configure(InstanceRunner.java:159)
INFO  [Thread-3] 2025-06-30 12:33:42,830 repast.simphony.batch.ssh.LocalSession - 	at repast.simphony.batch.InstanceRunner.main(InstanceRunner.java:216)
INFO  [Thread-3] 2025-06-30 12:33:42,830 repast.simphony.batch.ssh.LocalSession - Caused by: java.lang.ClassNotFoundException: ContinuousSpace
INFO  [Thread-3] 2025-06-30 12:33:42,830 repast.simphony.batch.ssh.LocalSession - 	at java.base/jdk.internal.loader.BuiltinClassLoader.loadClass(BuiltinClassLoader.java:581)
INFO  [Thread-3] 2025-06-30 12:33:42,830 repast.simphony.batch.ssh.LocalSession - 	at java.base/jdk.internal.loader.ClassLoaders$AppClassLoader.loadClass(ClassLoaders.java:178)
INFO  [Thread-3] 2025-06-30 12:33:42,830 repast.simphony.batch.ssh.LocalSession - 	at java.base/java.lang.ClassLoader.loadClass(ClassLoader.java:522)
INFO  [Thread-3] 2025-06-30 12:33:42,830 repast.simphony.batch.ssh.LocalSession - 	... 12 more
INFO  [pool-5-thread-1] 2025-06-30 12:34:29,314 repast.simphony.batch.ssh.LocalDonePoller - Polled C:\Users\fniet\AppData\Local\Temp\simphony_model_1751297606799 for DONE:  yes
INFO  [SwingWorker-pool-1-thread-4] 2025-06-30 12:34:29,314 repast.simphony.batch.ssh.SessionsDriver - Run Time: 1,0093
INFO  [SwingWorker-pool-1-thread-4] 2025-06-30 12:34:29,314 repast.simphony.batch.ssh.LocalSession - Finding output on localhost in C:\Users\fniet\AppData\Local\Temp\simphony_model_1751297606799
INFO  [SwingWorker-pool-1-thread-4] 2025-06-30 12:34:29,330 repast.simphony.batch.ssh.SessionsDriver - Aggregating output into C:/Users/fniet/OneDrive/Documentos/GitHub/endomembraneSystemTf/immunity/output
INFO  [SwingWorker-pool-1-thread-4] 2025-06-30 12:34:29,330 repast.simphony.batch.ssh.SessionsDriver - Get Output Time: 0,0003
INFO  [SwingWorker-pool-1-thread-4] 2025-06-30 12:34:29,330 repast.simphony.batch.ssh.SessionsDriver - Finished. Elapsed Time: 1,0425
INFO  [AWT-EventQueue-0] 2025-06-30 12:45:14,115 repast.simphony.batch.gui.BatchConfigMediator - Writing batch run config file to: C:\Users\fniet\OneDrive\Documentos\GitHub\endomembraneSystemTf\immunity\output\config.props
INFO  [AWT-EventQueue-0] 2025-06-30 12:45:14,137 repast.simphony.batch.gui.BatchConfigMediator - Unrolling batch parameter file:
	C:\Users\fniet\OneDrive\Documentos\GitHub\endomembraneSystemTf\immunity\batch\batch_params.xml to
	C:\Users\fniet\AppData\Local\Temp\unrolledParamFile.txt
INFO  [SwingWorker-pool-1-thread-5] 2025-06-30 12:45:25,090 repast.simphony.batch.ssh.LocalSession - 
	Copying locally C:\Users\fniet\AppData\Local\Temp\fniet_localhost15060706463826676369.zip to 
C:\Users\fniet\AppData\Local\Temp\simphony_model_1751298323294 ...
INFO  [SwingWorker-pool-1-thread-5] 2025-06-30 12:45:25,146 repast.simphony.batch.ssh.LocalSession - Copying Finished.
INFO  [SwingWorker-pool-1-thread-5] 2025-06-30 12:45:25,146 repast.simphony.batch.ssh.SessionsDriver - Initialization Time: 0,0309
INFO  [SwingWorker-pool-1-thread-5] 2025-06-30 12:45:25,146 repast.simphony.batch.ssh.LocalSession - Unzipping model C:\Users\fniet\AppData\Local\Temp\simphony_model_1751298323294\fniet_localhost15060706463826676369.zip
INFO  [SwingWorker-pool-1-thread-5] 2025-06-30 12:45:25,515 repast.simphony.batch.ssh.LocalSession - Running model on localhost ...
INFO  [Thread-4] 2025-06-30 12:45:37,042 repast.simphony.batch.ssh.LocalSession - ERROR [main] 12:45:37,035 repast.simphony.batch.InstanceRunner - Error while running model
INFO  [Thread-4] 2025-06-30 12:45:37,042 repast.simphony.batch.ssh.LocalSession - java.lang.NoClassDefFoundError: ContinuousSpace
INFO  [Thread-4] 2025-06-30 12:45:37,042 repast.simphony.batch.ssh.LocalSession - 	at java.base/java.lang.Class.getDeclaredMethods0(Native Method)
INFO  [Thread-4] 2025-06-30 12:45:37,042 repast.simphony.batch.ssh.LocalSession - 	at java.base/java.lang.Class.privateGetDeclaredMethods(Class.java:3166)
INFO  [Thread-4] 2025-06-30 12:45:37,042 repast.simphony.batch.ssh.LocalSession - 	at java.base/java.lang.Class.privateGetPublicMethods(Class.java:3191)
INFO  [Thread-4] 2025-06-30 12:45:37,042 repast.simphony.batch.ssh.LocalSession - 	at java.base/java.lang.Class.getMethods(Class.java:1904)
INFO  [Thread-4] 2025-06-30 12:45:37,042 repast.simphony.batch.ssh.LocalSession - 	at repast.simphony.engine.watcher.WatchAnnotationReader.findWatchAnnotation(WatchAnnotationReader.java:42)
INFO  [Thread-4] 2025-06-30 12:45:37,042 repast.simphony.batch.ssh.LocalSession - 	at repast.simphony.engine.watcher.WatchAnnotationReader.processClass(WatchAnnotationReader.java:30)
INFO  [Thread-4] 2025-06-30 12:45:37,042 repast.simphony.batch.ssh.LocalSession - 	at repast.simphony.engine.watcher.WatchAnnotationReader.processClasses(WatchAnnotationReader.java:36)
INFO  [Thread-4] 2025-06-30 12:45:37,043 repast.simphony.batch.ssh.LocalSession - 	at repast.simphony.scenario.ScenarioLoader.load(ScenarioLoader.java:155)
INFO  [Thread-4] 2025-06-30 12:45:37,043 repast.simphony.batch.ssh.LocalSession - 	at repast.simphony.batch.OneRunBatchRunner.init(OneRunBatchRunner.java:53)
INFO  [Thread-4] 2025-06-30 12:45:37,043 repast.simphony.batch.ssh.LocalSession - 	at repast.simphony.batch.OneRunBatchRunner.<init>(OneRunBatchRunner.java:47)
INFO  [Thread-4] 2025-06-30 12:45:37,043 repast.simphony.batch.ssh.LocalSession - 	at repast.simphony.batch.InstanceRunner.configure(InstanceRunner.java:159)
INFO  [Thread-4] 2025-06-30 12:45:37,043 repast.simphony.batch.ssh.LocalSession - 	at repast.simphony.batch.InstanceRunner.main(InstanceRunner.java:216)
INFO  [Thread-4] 2025-06-30 12:45:37,043 repast.simphony.batch.ssh.LocalSession - Caused by: java.lang.ClassNotFoundException: ContinuousSpace
INFO  [Thread-4] 2025-06-30 12:45:37,043 repast.simphony.batch.ssh.LocalSession - 	at java.base/jdk.internal.loader.BuiltinClassLoader.loadClass(BuiltinClassLoader.java:581)
INFO  [Thread-4] 2025-06-30 12:45:37,043 repast.simphony.batch.ssh.LocalSession - 	at java.base/jdk.internal.loader.ClassLoaders$AppClassLoader.loadClass(ClassLoaders.java:178)
INFO  [Thread-4] 2025-06-30 12:45:37,043 repast.simphony.batch.ssh.LocalSession - 	at java.base/java.lang.ClassLoader.loadClass(ClassLoader.java:522)
INFO  [Thread-4] 2025-06-30 12:45:37,043 repast.simphony.batch.ssh.LocalSession - 	... 12 more
INFO  [Thread-4] 2025-06-30 12:45:37,101 repast.simphony.batch.ssh.LocalSession - ERROR [main] 12:45:37,099 repast.simphony.batch.InstanceRunner - Error while running model
INFO  [Thread-4] 2025-06-30 12:45:37,103 repast.simphony.batch.ssh.LocalSession - java.lang.NoClassDefFoundError: ContinuousSpace
INFO  [Thread-4] 2025-06-30 12:45:37,103 repast.simphony.batch.ssh.LocalSession - 	at java.base/java.lang.Class.getDeclaredMethods0(Native Method)
INFO  [Thread-4] 2025-06-30 12:45:37,103 repast.simphony.batch.ssh.LocalSession - 	at java.base/java.lang.Class.privateGetDeclaredMethods(Class.java:3166)
INFO  [Thread-4] 2025-06-30 12:45:37,103 repast.simphony.batch.ssh.LocalSession - 	at java.base/java.lang.Class.privateGetPublicMethods(Class.java:3191)
INFO  [Thread-4] 2025-06-30 12:45:37,103 repast.simphony.batch.ssh.LocalSession - 	at java.base/java.lang.Class.getMethods(Class.java:1904)
INFO  [Thread-4] 2025-06-30 12:45:37,103 repast.simphony.batch.ssh.LocalSession - 	at repast.simphony.engine.watcher.WatchAnnotationReader.findWatchAnnotation(WatchAnnotationReader.java:42)
INFO  [Thread-4] 2025-06-30 12:45:37,103 repast.simphony.batch.ssh.LocalSession - 	at repast.simphony.engine.watcher.WatchAnnotationReader.processClass(WatchAnnotationReader.java:30)
INFO  [Thread-4] 2025-06-30 12:45:37,103 repast.simphony.batch.ssh.LocalSession - 	at repast.simphony.engine.watcher.WatchAnnotationReader.processClasses(WatchAnnotationReader.java:36)
INFO  [Thread-4] 2025-06-30 12:45:37,103 repast.simphony.batch.ssh.LocalSession - 	at repast.simphony.scenario.ScenarioLoader.load(ScenarioLoader.java:155)
INFO  [Thread-4] 2025-06-30 12:45:37,103 repast.simphony.batch.ssh.LocalSession - 	at repast.simphony.batch.OneRunBatchRunner.init(OneRunBatchRunner.java:53)
INFO  [Thread-4] 2025-06-30 12:45:37,103 repast.simphony.batch.ssh.LocalSession - 	at repast.simphony.batch.OneRunBatchRunner.<init>(OneRunBatchRunner.java:47)
INFO  [Thread-4] 2025-06-30 12:45:37,103 repast.simphony.batch.ssh.LocalSession - 	at repast.simphony.batch.InstanceRunner.configure(InstanceRunner.java:159)
INFO  [Thread-4] 2025-06-30 12:45:37,103 repast.simphony.batch.ssh.LocalSession - 	at repast.simphony.batch.InstanceRunner.main(InstanceRunner.java:216)
INFO  [Thread-4] 2025-06-30 12:45:37,103 repast.simphony.batch.ssh.LocalSession - Caused by: java.lang.ClassNotFoundException: ContinuousSpace
INFO  [Thread-4] 2025-06-30 12:45:37,103 repast.simphony.batch.ssh.LocalSession - 	at java.base/jdk.internal.loader.BuiltinClassLoader.loadClass(BuiltinClassLoader.java:581)
INFO  [Thread-4] 2025-06-30 12:45:37,103 repast.simphony.batch.ssh.LocalSession - 	at java.base/jdk.internal.loader.ClassLoaders$AppClassLoader.loadClass(ClassLoaders.java:178)
INFO  [Thread-4] 2025-06-30 12:45:37,103 repast.simphony.batch.ssh.LocalSession - 	at java.base/java.lang.ClassLoader.loadClass(ClassLoader.java:522)
INFO  [Thread-4] 2025-06-30 12:45:37,103 repast.simphony.batch.ssh.LocalSession - 	... 12 more
INFO  [AWT-EventQueue-0] 2025-06-30 12:47:15,261 repast.simphony.batch.gui.BatchConfigMediator - Writing batch run config file to: C:\Users\fniet\OneDrive\Documentos\GitHub\endomembraneSystemTf\immunity\output\config.props
INFO  [AWT-EventQueue-0] 2025-06-30 12:47:15,302 repast.simphony.batch.gui.BatchConfigMediator - Unrolling batch parameter file:
	C:\Users\fniet\OneDrive\Documentos\GitHub\endomembraneSystemTf\immunity\batch\batch_params.xml to
	C:\Users\fniet\AppData\Local\Temp\unrolledParamFile.txt
INFO  [SwingWorker-pool-1-thread-1] 2025-06-30 12:47:25,869 repast.simphony.batch.ssh.LocalSession - 
	Copying locally C:\Users\fniet\AppData\Local\Temp\fniet_localhost4876149481960664232.zip to 
C:\Users\fniet\AppData\Local\Temp\simphony_model_1751298443926 ...
INFO  [SwingWorker-pool-1-thread-1] 2025-06-30 12:47:25,928 repast.simphony.batch.ssh.LocalSession - Copying Finished.
INFO  [SwingWorker-pool-1-thread-1] 2025-06-30 12:47:25,930 repast.simphony.batch.ssh.SessionsDriver - Initialization Time: 0,0334
INFO  [SwingWorker-pool-1-thread-1] 2025-06-30 12:47:25,930 repast.simphony.batch.ssh.LocalSession - Unzipping model C:\Users\fniet\AppData\Local\Temp\simphony_model_1751298443926\fniet_localhost4876149481960664232.zip
INFO  [SwingWorker-pool-1-thread-1] 2025-06-30 12:47:26,306 repast.simphony.batch.ssh.LocalSession - Running model on localhost ...
INFO  [Thread-0] 2025-06-30 12:47:37,751 repast.simphony.batch.ssh.LocalSession - ERROR [main] 12:47:37,743 repast.simphony.batch.InstanceRunner - Error while running model
INFO  [Thread-0] 2025-06-30 12:47:37,751 repast.simphony.batch.ssh.LocalSession - java.lang.NoClassDefFoundError: Grid
INFO  [Thread-0] 2025-06-30 12:47:37,752 repast.simphony.batch.ssh.LocalSession - 	at java.base/java.lang.Class.getDeclaredMethods0(Native Method)
INFO  [Thread-0] 2025-06-30 12:47:37,752 repast.simphony.batch.ssh.LocalSession - 	at java.base/java.lang.Class.privateGetDeclaredMethods(Class.java:3166)
INFO  [Thread-0] 2025-06-30 12:47:37,752 repast.simphony.batch.ssh.LocalSession - 	at java.base/java.lang.Class.privateGetPublicMethods(Class.java:3191)
INFO  [Thread-0] 2025-06-30 12:47:37,752 repast.simphony.batch.ssh.LocalSession - 	at java.base/java.lang.Class.getMethods(Class.java:1904)
INFO  [Thread-0] 2025-06-30 12:47:37,752 repast.simphony.batch.ssh.LocalSession - 	at repast.simphony.engine.watcher.WatchAnnotationReader.findWatchAnnotation(WatchAnnotationReader.java:42)
INFO  [Thread-0] 2025-06-30 12:47:37,752 repast.simphony.batch.ssh.LocalSession - 	at repast.simphony.engine.watcher.WatchAnnotationReader.processClass(WatchAnnotationReader.java:30)
INFO  [Thread-0] 2025-06-30 12:47:37,752 repast.simphony.batch.ssh.LocalSession - 	at repast.simphony.engine.watcher.WatchAnnotationReader.processClasses(WatchAnnotationReader.java:36)
INFO  [Thread-0] 2025-06-30 12:47:37,752 repast.simphony.batch.ssh.LocalSession - 	at repast.simphony.scenario.ScenarioLoader.load(ScenarioLoader.java:155)
INFO  [Thread-0] 2025-06-30 12:47:37,752 repast.simphony.batch.ssh.LocalSession - 	at repast.simphony.batch.OneRunBatchRunner.init(OneRunBatchRunner.java:53)
INFO  [Thread-0] 2025-06-30 12:47:37,752 repast.simphony.batch.ssh.LocalSession - 	at repast.simphony.batch.OneRunBatchRunner.<init>(OneRunBatchRunner.java:47)
INFO  [Thread-0] 2025-06-30 12:47:37,752 repast.simphony.batch.ssh.LocalSession - 	at repast.simphony.batch.InstanceRunner.configure(InstanceRunner.java:159)
INFO  [Thread-0] 2025-06-30 12:47:37,752 repast.simphony.batch.ssh.LocalSession - 	at repast.simphony.batch.InstanceRunner.main(InstanceRunner.java:216)
INFO  [Thread-0] 2025-06-30 12:47:37,752 repast.simphony.batch.ssh.LocalSession - Caused by: java.lang.ClassNotFoundException: Grid
INFO  [Thread-0] 2025-06-30 12:47:37,752 repast.simphony.batch.ssh.LocalSession - 	at java.base/jdk.internal.loader.BuiltinClassLoader.loadClass(BuiltinClassLoader.java:581)
INFO  [Thread-0] 2025-06-30 12:47:37,752 repast.simphony.batch.ssh.LocalSession - 	at java.base/jdk.internal.loader.ClassLoaders$AppClassLoader.loadClass(ClassLoaders.java:178)
INFO  [Thread-0] 2025-06-30 12:47:37,752 repast.simphony.batch.ssh.LocalSession - 	at java.base/java.lang.ClassLoader.loadClass(ClassLoader.java:522)
INFO  [Thread-0] 2025-06-30 12:47:37,752 repast.simphony.batch.ssh.LocalSession - 	... 12 more
INFO  [Thread-0] 2025-06-30 12:47:37,755 repast.simphony.batch.ssh.LocalSession - ERROR [main] 12:47:37,755 repast.simphony.batch.InstanceRunner - Error while running model
INFO  [Thread-0] 2025-06-30 12:47:37,755 repast.simphony.batch.ssh.LocalSession - java.lang.NoClassDefFoundError: ContinuousSpace
INFO  [Thread-0] 2025-06-30 12:47:37,755 repast.simphony.batch.ssh.LocalSession - 	at java.base/java.lang.Class.getDeclaredMethods0(Native Method)
INFO  [Thread-0] 2025-06-30 12:47:37,755 repast.simphony.batch.ssh.LocalSession - 	at java.base/java.lang.Class.privateGetDeclaredMethods(Class.java:3166)
INFO  [Thread-0] 2025-06-30 12:47:37,755 repast.simphony.batch.ssh.LocalSession - 	at java.base/java.lang.Class.privateGetPublicMethods(Class.java:3191)
INFO  [Thread-0] 2025-06-30 12:47:37,755 repast.simphony.batch.ssh.LocalSession - 	at java.base/java.lang.Class.getMethods(Class.java:1904)
INFO  [Thread-0] 2025-06-30 12:47:37,755 repast.simphony.batch.ssh.LocalSession - 	at repast.simphony.engine.watcher.WatchAnnotationReader.findWatchAnnotation(WatchAnnotationReader.java:42)
INFO  [Thread-0] 2025-06-30 12:47:37,755 repast.simphony.batch.ssh.LocalSession - 	at repast.simphony.engine.watcher.WatchAnnotationReader.processClass(WatchAnnotationReader.java:30)
INFO  [Thread-0] 2025-06-30 12:47:37,755 repast.simphony.batch.ssh.LocalSession - 	at repast.simphony.engine.watcher.WatchAnnotationReader.processClasses(WatchAnnotationReader.java:36)
INFO  [Thread-0] 2025-06-30 12:47:37,755 repast.simphony.batch.ssh.LocalSession - 	at repast.simphony.scenario.ScenarioLoader.load(ScenarioLoader.java:155)
INFO  [Thread-0] 2025-06-30 12:47:37,755 repast.simphony.batch.ssh.LocalSession - 	at repast.simphony.batch.OneRunBatchRunner.init(OneRunBatchRunner.java:53)
INFO  [Thread-0] 2025-06-30 12:47:37,769 repast.simphony.batch.ssh.LocalSession - 	at repast.simphony.batch.OneRunBatchRunner.<init>(OneRunBatchRunner.java:47)
INFO  [Thread-0] 2025-06-30 12:47:37,769 repast.simphony.batch.ssh.LocalSession - 	at repast.simphony.batch.InstanceRunner.configure(InstanceRunner.java:159)
INFO  [Thread-0] 2025-06-30 12:47:37,769 repast.simphony.batch.ssh.LocalSession - 	at repast.simphony.batch.InstanceRunner.main(InstanceRunner.java:216)
INFO  [Thread-0] 2025-06-30 12:47:37,769 repast.simphony.batch.ssh.LocalSession - Caused by: java.lang.ClassNotFoundException: ContinuousSpace
INFO  [Thread-0] 2025-06-30 12:47:37,769 repast.simphony.batch.ssh.LocalSession - 	at java.base/jdk.internal.loader.BuiltinClassLoader.loadClass(BuiltinClassLoader.java:581)
INFO  [Thread-0] 2025-06-30 12:47:37,769 repast.simphony.batch.ssh.LocalSession - 	at java.base/jdk.internal.loader.ClassLoaders$AppClassLoader.loadClass(ClassLoaders.java:178)
INFO  [Thread-0] 2025-06-30 12:47:37,769 repast.simphony.batch.ssh.LocalSession - 	at java.base/java.lang.ClassLoader.loadClass(ClassLoader.java:522)
INFO  [Thread-0] 2025-06-30 12:47:37,769 repast.simphony.batch.ssh.LocalSession - 	... 12 more
INFO  [pool-2-thread-1] 2025-06-30 12:48:26,317 repast.simphony.batch.ssh.LocalDonePoller - Polled C:\Users\fniet\AppData\Local\Temp\simphony_model_1751298443926 for DONE:  yes
INFO  [SwingWorker-pool-1-thread-1] 2025-06-30 12:48:26,317 repast.simphony.batch.ssh.SessionsDriver - Run Time: 1,0065
INFO  [SwingWorker-pool-1-thread-1] 2025-06-30 12:48:26,337 repast.simphony.batch.ssh.LocalSession - Finding output on localhost in C:\Users\fniet\AppData\Local\Temp\simphony_model_1751298443926
INFO  [SwingWorker-pool-1-thread-1] 2025-06-30 12:48:26,338 repast.simphony.batch.ssh.SessionsDriver - Aggregating output into C:/Users/fniet/OneDrive/Documentos/GitHub/endomembraneSystemTf/immunity/output
INFO  [SwingWorker-pool-1-thread-1] 2025-06-30 12:48:26,345 repast.simphony.batch.ssh.SessionsDriver - Get Output Time: 0,0003
INFO  [SwingWorker-pool-1-thread-1] 2025-06-30 12:48:26,345 repast.simphony.batch.ssh.SessionsDriver - Finished. Elapsed Time: 1,0406
INFO  [AWT-EventQueue-0] 2025-06-30 12:52:15,282 repast.simphony.batch.gui.BatchConfigMediator - Writing batch run config file to: C:\Users\fniet\OneDrive\Documentos\GitHub\endomembraneSystemTf\immunity\output\config.props
INFO  [AWT-EventQueue-0] 2025-06-30 12:52:15,286 repast.simphony.batch.gui.BatchConfigMediator - Unrolling batch parameter file:
	C:\Users\fniet\OneDrive\Documentos\GitHub\endomembraneSystemTf\immunity\batch\batch_params.xml to
	C:\Users\fniet\AppData\Local\Temp\unrolledParamFile.txt
INFO  [SwingWorker-pool-1-thread-2] 2025-06-30 12:52:27,051 repast.simphony.batch.ssh.LocalSession - 
	Copying locally C:\Users\fniet\AppData\Local\Temp\fniet_localhost17136509985599385914.zip to 
C:\Users\fniet\AppData\Local\Temp\simphony_model_1751298745190 ...
INFO  [SwingWorker-pool-1-thread-2] 2025-06-30 12:52:27,108 repast.simphony.batch.ssh.LocalSession - Copying Finished.
INFO  [SwingWorker-pool-1-thread-2] 2025-06-30 12:52:27,109 repast.simphony.batch.ssh.SessionsDriver - Initialization Time: 0,0320
INFO  [SwingWorker-pool-1-thread-2] 2025-06-30 12:52:27,109 repast.simphony.batch.ssh.LocalSession - Unzipping model C:\Users\fniet\AppData\Local\Temp\simphony_model_1751298745190\fniet_localhost17136509985599385914.zip
INFO  [SwingWorker-pool-1-thread-2] 2025-06-30 12:52:27,699 repast.simphony.batch.ssh.LocalSession - Running model on localhost ...
INFO  [Thread-1] 2025-06-30 12:52:39,406 repast.simphony.batch.ssh.LocalSession - ERROR [main] 12:52:39,404 repast.simphony.batch.InstanceRunner - Error while running model
INFO  [Thread-1] 2025-06-30 12:52:39,406 repast.simphony.batch.ssh.LocalSession - java.lang.NoClassDefFoundError: ContinuousSpace
INFO  [Thread-1] 2025-06-30 12:52:39,406 repast.simphony.batch.ssh.LocalSession - 	at java.base/java.lang.Class.getDeclaredMethods0(Native Method)
INFO  [Thread-1] 2025-06-30 12:52:39,406 repast.simphony.batch.ssh.LocalSession - 	at java.base/java.lang.Class.privateGetDeclaredMethods(Class.java:3166)
INFO  [Thread-1] 2025-06-30 12:52:39,406 repast.simphony.batch.ssh.LocalSession - 	at java.base/java.lang.Class.privateGetPublicMethods(Class.java:3191)
INFO  [Thread-1] 2025-06-30 12:52:39,406 repast.simphony.batch.ssh.LocalSession - 	at java.base/java.lang.Class.getMethods(Class.java:1904)
INFO  [Thread-1] 2025-06-30 12:52:39,408 repast.simphony.batch.ssh.LocalSession - 	at repast.simphony.engine.watcher.WatchAnnotationReader.findWatchAnnotation(WatchAnnotationReader.java:42)
INFO  [Thread-1] 2025-06-30 12:52:39,408 repast.simphony.batch.ssh.LocalSession - 	at repast.simphony.engine.watcher.WatchAnnotationReader.processClass(WatchAnnotationReader.java:30)
INFO  [Thread-1] 2025-06-30 12:52:39,408 repast.simphony.batch.ssh.LocalSession - 	at repast.simphony.engine.watcher.WatchAnnotationReader.processClasses(WatchAnnotationReader.java:36)
INFO  [Thread-1] 2025-06-30 12:52:39,408 repast.simphony.batch.ssh.LocalSession - 	at repast.simphony.scenario.ScenarioLoader.load(ScenarioLoader.java:155)
INFO  [Thread-1] 2025-06-30 12:52:39,408 repast.simphony.batch.ssh.LocalSession - 	at repast.simphony.batch.OneRunBatchRunner.init(OneRunBatchRunner.java:53)
INFO  [Thread-1] 2025-06-30 12:52:39,408 repast.simphony.batch.ssh.LocalSession - 	at repast.simphony.batch.OneRunBatchRunner.<init>(OneRunBatchRunner.java:47)
INFO  [Thread-1] 2025-06-30 12:52:39,408 repast.simphony.batch.ssh.LocalSession - 	at repast.simphony.batch.InstanceRunner.configure(InstanceRunner.java:159)
INFO  [Thread-1] 2025-06-30 12:52:39,408 repast.simphony.batch.ssh.LocalSession - 	at repast.simphony.batch.InstanceRunner.main(InstanceRunner.java:216)
INFO  [Thread-1] 2025-06-30 12:52:39,408 repast.simphony.batch.ssh.LocalSession - Caused by: java.lang.ClassNotFoundException: ContinuousSpace
INFO  [Thread-1] 2025-06-30 12:52:39,408 repast.simphony.batch.ssh.LocalSession - 	at java.base/jdk.internal.loader.BuiltinClassLoader.loadClass(BuiltinClassLoader.java:581)
INFO  [Thread-1] 2025-06-30 12:52:39,408 repast.simphony.batch.ssh.LocalSession - 	at java.base/jdk.internal.loader.ClassLoaders$AppClassLoader.loadClass(ClassLoaders.java:178)
INFO  [Thread-1] 2025-06-30 12:52:39,408 repast.simphony.batch.ssh.LocalSession - 	at java.base/java.lang.ClassLoader.loadClass(ClassLoader.java:522)
INFO  [Thread-1] 2025-06-30 12:52:39,408 repast.simphony.batch.ssh.LocalSession - 	... 12 more
INFO  [Thread-1] 2025-06-30 12:52:39,498 repast.simphony.batch.ssh.LocalSession - ERROR [main] 12:52:39,496 repast.simphony.batch.InstanceRunner - Error while running model
INFO  [Thread-1] 2025-06-30 12:52:39,498 repast.simphony.batch.ssh.LocalSession - java.lang.NoClassDefFoundError: ContinuousSpace
INFO  [Thread-1] 2025-06-30 12:52:39,498 repast.simphony.batch.ssh.LocalSession - 	at java.base/java.lang.Class.getDeclaredMethods0(Native Method)
INFO  [Thread-1] 2025-06-30 12:52:39,498 repast.simphony.batch.ssh.LocalSession - 	at java.base/java.lang.Class.privateGetDeclaredMethods(Class.java:3166)
INFO  [Thread-1] 2025-06-30 12:52:39,498 repast.simphony.batch.ssh.LocalSession - 	at java.base/java.lang.Class.privateGetPublicMethods(Class.java:3191)
INFO  [Thread-1] 2025-06-30 12:52:39,498 repast.simphony.batch.ssh.LocalSession - 	at java.base/java.lang.Class.getMethods(Class.java:1904)
INFO  [Thread-1] 2025-06-30 12:52:39,498 repast.simphony.batch.ssh.LocalSession - 	at repast.simphony.engine.watcher.WatchAnnotationReader.findWatchAnnotation(WatchAnnotationReader.java:42)
INFO  [Thread-1] 2025-06-30 12:52:39,498 repast.simphony.batch.ssh.LocalSession - 	at repast.simphony.engine.watcher.WatchAnnotationReader.processClass(WatchAnnotationReader.java:30)
INFO  [Thread-1] 2025-06-30 12:52:39,498 repast.simphony.batch.ssh.LocalSession - 	at repast.simphony.engine.watcher.WatchAnnotationReader.processClasses(WatchAnnotationReader.java:36)
INFO  [Thread-1] 2025-06-30 12:52:39,498 repast.simphony.batch.ssh.LocalSession - 	at repast.simphony.scenario.ScenarioLoader.load(ScenarioLoader.java:155)
INFO  [Thread-1] 2025-06-30 12:52:39,498 repast.simphony.batch.ssh.LocalSession - 	at repast.simphony.batch.OneRunBatchRunner.init(OneRunBatchRunner.java:53)
INFO  [Thread-1] 2025-06-30 12:52:39,498 repast.simphony.batch.ssh.LocalSession - 	at repast.simphony.batch.OneRunBatchRunner.<init>(OneRunBatchRunner.java:47)
INFO  [Thread-1] 2025-06-30 12:52:39,498 repast.simphony.batch.ssh.LocalSession - 	at repast.simphony.batch.InstanceRunner.configure(InstanceRunner.java:159)
INFO  [Thread-1] 2025-06-30 12:52:39,498 repast.simphony.batch.ssh.LocalSession - 	at repast.simphony.batch.InstanceRunner.main(InstanceRunner.java:216)
INFO  [Thread-1] 2025-06-30 12:52:39,498 repast.simphony.batch.ssh.LocalSession - Caused by: java.lang.ClassNotFoundException: ContinuousSpace
INFO  [Thread-1] 2025-06-30 12:52:39,498 repast.simphony.batch.ssh.LocalSession - 	at java.base/jdk.internal.loader.BuiltinClassLoader.loadClass(BuiltinClassLoader.java:581)
INFO  [Thread-1] 2025-06-30 12:52:39,498 repast.simphony.batch.ssh.LocalSession - 	at java.base/jdk.internal.loader.ClassLoaders$AppClassLoader.loadClass(ClassLoaders.java:178)
INFO  [Thread-1] 2025-06-30 12:52:39,498 repast.simphony.batch.ssh.LocalSession - 	at java.base/java.lang.ClassLoader.loadClass(ClassLoader.java:522)
INFO  [Thread-1] 2025-06-30 12:52:39,498 repast.simphony.batch.ssh.LocalSession - 	... 12 more
INFO  [pool-3-thread-1] 2025-06-30 12:53:27,707 repast.simphony.batch.ssh.LocalDonePoller - Polled C:\Users\fniet\AppData\Local\Temp\simphony_model_1751298745190 for DONE:  yes
INFO  [SwingWorker-pool-1-thread-2] 2025-06-30 12:53:27,707 repast.simphony.batch.ssh.SessionsDriver - Run Time: 1,0100
INFO  [SwingWorker-pool-1-thread-2] 2025-06-30 12:53:27,707 repast.simphony.batch.ssh.LocalSession - Finding output on localhost in C:\Users\fniet\AppData\Local\Temp\simphony_model_1751298745190
INFO  [SwingWorker-pool-1-thread-2] 2025-06-30 12:53:27,707 repast.simphony.batch.ssh.SessionsDriver - Aggregating output into C:/Users/fniet/OneDrive/Documentos/GitHub/endomembraneSystemTf/immunity/output
INFO  [SwingWorker-pool-1-thread-2] 2025-06-30 12:53:27,707 repast.simphony.batch.ssh.SessionsDriver - Get Output Time: 0,0000
INFO  [SwingWorker-pool-1-thread-2] 2025-06-30 12:53:27,707 repast.simphony.batch.ssh.SessionsDriver - Finished. Elapsed Time: 1,0422
FATAL [AWT-EventQueue-0] 2025-06-30 12:54:48,152 repast.simphony.ui.RSUIPlugin - Fatal error starting Repast
java.lang.NoClassDefFoundError: ShapeFactory2D
	at java.base/java.lang.Class.getDeclaredMethods0(Native Method)
	at java.base/java.lang.Class.privateGetDeclaredMethods(Class.java:3166)
	at java.base/java.lang.Class.privateGetPublicMethods(Class.java:3191)
	at java.base/java.lang.Class.getMethods(Class.java:1904)
	at repast.simphony.engine.watcher.WatchAnnotationReader.findWatchAnnotation(WatchAnnotationReader.java:42)
	at repast.simphony.engine.watcher.WatchAnnotationReader.processClass(WatchAnnotationReader.java:30)
	at repast.simphony.engine.watcher.WatchAnnotationReader.processClasses(WatchAnnotationReader.java:36)
	at repast.simphony.scenario.ScenarioLoader.load(ScenarioLoader.java:155)
	at repast.simphony.ui.RSApplication.open(RSApplication.java:359)
	at repast.simphony.ui.RSAppConfigurator.postWindowOpen(RSAppConfigurator.java:39)
	at saf.core.ui.GUICreatorDelegate.runDisplay(GUICreatorDelegate.java:216)
	at saf.core.ui.GUICreator$1.run(GUICreator.java:18)
	at simphony.util.ThreadUtilities$Runner.run(ThreadUtilities.java:33)
	at simphony.util.ThreadUtilities.runInEventThread(ThreadUtilities.java:47)
	at saf.core.ui.GUICreator.runDisplay(GUICreator.java:16)
	at repast.simphony.ui.RSUIPlugin$1.run(RSUIPlugin.java:101)
	at java.desktop/java.awt.event.InvocationEvent.dispatch(InvocationEvent.java:313)
	at java.desktop/java.awt.EventQueue.dispatchEventImpl(EventQueue.java:770)
	at java.desktop/java.awt.EventQueue$4.run(EventQueue.java:721)
	at java.desktop/java.awt.EventQueue$4.run(EventQueue.java:715)
	at java.base/java.security.AccessController.doPrivileged(Native Method)
	at java.base/java.security.ProtectionDomain$JavaSecurityAccessImpl.doIntersectionPrivilege(ProtectionDomain.java:85)
	at java.desktop/java.awt.EventQueue.dispatchEvent(EventQueue.java:740)
	at java.desktop/java.awt.EventDispatchThread.pumpOneEventForFilters(EventDispatchThread.java:203)
	at java.desktop/java.awt.EventDispatchThread.pumpEventsForFilter(EventDispatchThread.java:124)
	at java.desktop/java.awt.EventDispatchThread.pumpEventsForHierarchy(EventDispatchThread.java:113)
	at java.desktop/java.awt.EventDispatchThread.pumpEvents(EventDispatchThread.java:109)
	at java.desktop/java.awt.EventDispatchThread.pumpEvents(EventDispatchThread.java:101)
	at java.desktop/java.awt.EventDispatchThread.run(EventDispatchThread.java:90)
Caused by: java.lang.ClassNotFoundException: ShapeFactory2D
	at org.java.plugin.standard.StandardPluginClassLoader.loadClass(Unknown Source)
	at java.base/java.lang.ClassLoader.loadClass(ClassLoader.java:522)
	... 29 more
FATAL [AWT-EventQueue-0] 2025-06-30 12:56:05,299 repast.simphony.ui.RSUIPlugin - Fatal error starting Repast
java.lang.NoClassDefFoundError: Context
	at java.base/java.lang.Class.getDeclaredMethods0(Native Method)
	at java.base/java.lang.Class.privateGetDeclaredMethods(Class.java:3166)
	at java.base/java.lang.Class.privateGetPublicMethods(Class.java:3191)
	at java.base/java.lang.Class.getMethods(Class.java:1904)
	at repast.simphony.engine.watcher.WatchAnnotationReader.findWatchAnnotation(WatchAnnotationReader.java:42)
	at repast.simphony.engine.watcher.WatchAnnotationReader.processClass(WatchAnnotationReader.java:30)
	at repast.simphony.engine.watcher.WatchAnnotationReader.processClasses(WatchAnnotationReader.java:36)
	at repast.simphony.scenario.ScenarioLoader.load(ScenarioLoader.java:155)
	at repast.simphony.ui.RSApplication.open(RSApplication.java:359)
	at repast.simphony.ui.RSAppConfigurator.postWindowOpen(RSAppConfigurator.java:39)
	at saf.core.ui.GUICreatorDelegate.runDisplay(GUICreatorDelegate.java:216)
	at saf.core.ui.GUICreator$1.run(GUICreator.java:18)
	at simphony.util.ThreadUtilities$Runner.run(ThreadUtilities.java:33)
	at simphony.util.ThreadUtilities.runInEventThread(ThreadUtilities.java:47)
	at saf.core.ui.GUICreator.runDisplay(GUICreator.java:16)
	at repast.simphony.ui.RSUIPlugin$1.run(RSUIPlugin.java:101)
	at java.desktop/java.awt.event.InvocationEvent.dispatch(InvocationEvent.java:313)
	at java.desktop/java.awt.EventQueue.dispatchEventImpl(EventQueue.java:770)
	at java.desktop/java.awt.EventQueue$4.run(EventQueue.java:721)
	at java.desktop/java.awt.EventQueue$4.run(EventQueue.java:715)
	at java.base/java.security.AccessController.doPrivileged(Native Method)
	at java.base/java.security.ProtectionDomain$JavaSecurityAccessImpl.doIntersectionPrivilege(ProtectionDomain.java:85)
	at java.desktop/java.awt.EventQueue.dispatchEvent(EventQueue.java:740)
	at java.desktop/java.awt.EventDispatchThread.pumpOneEventForFilters(EventDispatchThread.java:203)
	at java.desktop/java.awt.EventDispatchThread.pumpEventsForFilter(EventDispatchThread.java:124)
	at java.desktop/java.awt.EventDispatchThread.pumpEventsForHierarchy(EventDispatchThread.java:113)
	at java.desktop/java.awt.EventDispatchThread.pumpEvents(EventDispatchThread.java:109)
	at java.desktop/java.awt.EventDispatchThread.pumpEvents(EventDispatchThread.java:101)
	at java.desktop/java.awt.EventDispatchThread.run(EventDispatchThread.java:90)
Caused by: java.lang.ClassNotFoundException: Context
	at org.java.plugin.standard.StandardPluginClassLoader.loadClass(Unknown Source)
	at java.base/java.lang.ClassLoader.loadClass(ClassLoader.java:522)
	... 29 more
FATAL [AWT-EventQueue-0] 2025-06-30 12:58:26,301 repast.simphony.ui.RSUIPlugin - Fatal error starting Repast
java.lang.NoClassDefFoundError: ContinuousSpace
	at java.base/java.lang.Class.getDeclaredMethods0(Native Method)
	at java.base/java.lang.Class.privateGetDeclaredMethods(Class.java:3166)
	at java.base/java.lang.Class.privateGetPublicMethods(Class.java:3191)
	at java.base/java.lang.Class.getMethods(Class.java:1904)
	at repast.simphony.engine.watcher.WatchAnnotationReader.findWatchAnnotation(WatchAnnotationReader.java:42)
	at repast.simphony.engine.watcher.WatchAnnotationReader.processClass(WatchAnnotationReader.java:30)
	at repast.simphony.engine.watcher.WatchAnnotationReader.processClasses(WatchAnnotationReader.java:36)
	at repast.simphony.scenario.ScenarioLoader.load(ScenarioLoader.java:155)
	at repast.simphony.ui.RSApplication.open(RSApplication.java:359)
	at repast.simphony.ui.RSAppConfigurator.postWindowOpen(RSAppConfigurator.java:39)
	at saf.core.ui.GUICreatorDelegate.runDisplay(GUICreatorDelegate.java:216)
	at saf.core.ui.GUICreator$1.run(GUICreator.java:18)
	at simphony.util.ThreadUtilities$Runner.run(ThreadUtilities.java:33)
	at simphony.util.ThreadUtilities.runInEventThread(ThreadUtilities.java:47)
	at saf.core.ui.GUICreator.runDisplay(GUICreator.java:16)
	at repast.simphony.ui.RSUIPlugin$1.run(RSUIPlugin.java:101)
	at java.desktop/java.awt.event.InvocationEvent.dispatch(InvocationEvent.java:313)
	at java.desktop/java.awt.EventQueue.dispatchEventImpl(EventQueue.java:770)
	at java.desktop/java.awt.EventQueue$4.run(EventQueue.java:721)
	at java.desktop/java.awt.EventQueue$4.run(EventQueue.java:715)
	at java.base/java.security.AccessController.doPrivileged(Native Method)
	at java.base/java.security.ProtectionDomain$JavaSecurityAccessImpl.doIntersectionPrivilege(ProtectionDomain.java:85)
	at java.desktop/java.awt.EventQueue.dispatchEvent(EventQueue.java:740)
	at java.desktop/java.awt.EventDispatchThread.pumpOneEventForFilters(EventDispatchThread.java:203)
	at java.desktop/java.awt.EventDispatchThread.pumpEventsForFilter(EventDispatchThread.java:124)
	at java.desktop/java.awt.EventDispatchThread.pumpEventsForHierarchy(EventDispatchThread.java:113)
	at java.desktop/java.awt.EventDispatchThread.pumpEvents(EventDispatchThread.java:109)
	at java.desktop/java.awt.EventDispatchThread.pumpEvents(EventDispatchThread.java:101)
	at java.desktop/java.awt.EventDispatchThread.run(EventDispatchThread.java:90)
Caused by: java.lang.ClassNotFoundException: ContinuousSpace
	at org.java.plugin.standard.StandardPluginClassLoader.loadClass(Unknown Source)
	at java.base/java.lang.ClassLoader.loadClass(ClassLoader.java:522)
	... 29 more
FATAL [AWT-EventQueue-0] 2025-06-30 13:58:28,072 repast.simphony.ui.RSUIPlugin - Fatal error starting Repast
java.lang.UnsupportedClassVersionError: immunity/Cell has been compiled by a more recent version of the Java Runtime (class file version 61.0), this version of the Java Runtime only recognizes class file versions up to 55.0
	at java.base/java.lang.ClassLoader.defineClass1(Native Method)
	at java.base/java.lang.ClassLoader.defineClass(ClassLoader.java:1017)
	at java.base/java.security.SecureClassLoader.defineClass(SecureClassLoader.java:174)
	at java.base/java.net.URLClassLoader.defineClass(URLClassLoader.java:550)
	at java.base/java.net.URLClassLoader$1.run(URLClassLoader.java:458)
	at java.base/java.net.URLClassLoader$1.run(URLClassLoader.java:452)
	at java.base/java.security.AccessController.doPrivileged(Native Method)
	at java.base/java.net.URLClassLoader.findClass(URLClassLoader.java:451)
	at org.java.plugin.standard.StandardPluginClassLoader.loadClass(Unknown Source)
	at org.java.plugin.standard.StandardPluginClassLoader.loadClass(Unknown Source)
	at java.base/java.lang.ClassLoader.loadClass(ClassLoader.java:522)
	at java.base/java.lang.Class.forName0(Native Method)
	at java.base/java.lang.Class.forName(Class.java:398)
	at repast.simphony.util.ClassFinder$ClassAdder.add(ClassFinder.java:36)
	at repast.simphony.util.ClassFinder.processDirectory(ClassFinder.java:112)
	at repast.simphony.util.ClassFinder.processDirectory(ClassFinder.java:115)
	at repast.simphony.util.ClassFinder.findClasses(ClassFinder.java:95)
	at repast.simphony.util.ClassFinder.findClasses(ClassFinder.java:83)
	at repast.simphony.scenario.data.Classpath.getClasses(Classpath.java:75)
	at repast.simphony.scenario.ScenarioLoader.load(ScenarioLoader.java:145)
	at repast.simphony.ui.RSApplication.open(RSApplication.java:359)
	at repast.simphony.ui.RSAppConfigurator.postWindowOpen(RSAppConfigurator.java:39)
	at saf.core.ui.GUICreatorDelegate.runDisplay(GUICreatorDelegate.java:216)
	at saf.core.ui.GUICreator$1.run(GUICreator.java:18)
	at simphony.util.ThreadUtilities$Runner.run(ThreadUtilities.java:33)
	at simphony.util.ThreadUtilities.runInEventThread(ThreadUtilities.java:47)
	at saf.core.ui.GUICreator.runDisplay(GUICreator.java:16)
	at repast.simphony.ui.RSUIPlugin$1.run(RSUIPlugin.java:101)
	at java.desktop/java.awt.event.InvocationEvent.dispatch(InvocationEvent.java:313)
	at java.desktop/java.awt.EventQueue.dispatchEventImpl(EventQueue.java:770)
	at java.desktop/java.awt.EventQueue$4.run(EventQueue.java:721)
	at java.desktop/java.awt.EventQueue$4.run(EventQueue.java:715)
	at java.base/java.security.AccessController.doPrivileged(Native Method)
	at java.base/java.security.ProtectionDomain$JavaSecurityAccessImpl.doIntersectionPrivilege(ProtectionDomain.java:85)
	at java.desktop/java.awt.EventQueue.dispatchEvent(EventQueue.java:740)
	at java.desktop/java.awt.EventDispatchThread.pumpOneEventForFilters(EventDispatchThread.java:203)
	at java.desktop/java.awt.EventDispatchThread.pumpEventsForFilter(EventDispatchThread.java:124)
	at java.desktop/java.awt.EventDispatchThread.pumpEventsForHierarchy(EventDispatchThread.java:113)
	at java.desktop/java.awt.EventDispatchThread.pumpEvents(EventDispatchThread.java:109)
	at java.desktop/java.awt.EventDispatchThread.pumpEvents(EventDispatchThread.java:101)
	at java.desktop/java.awt.EventDispatchThread.run(EventDispatchThread.java:90)
INFO  [AWT-EventQueue-0] 2025-06-30 15:01:56,757 repast.simphony.batch.gui.BatchConfigMediator - Writing batch run config file to: C:\Users\fniet\OneDrive\Documentos\GitHub\endomembraneSystemTf\immunity\output\config.props
INFO  [AWT-EventQueue-0] 2025-06-30 15:01:57,115 repast.simphony.batch.gui.BatchConfigMediator - Unrolling batch parameter file:
	C:\Users\fniet\OneDrive\Documentos\GitHub\endomembraneSystemTf\immunity\batch\batch_params.xml to
	C:\Users\fniet\AppData\Local\Temp\unrolledParamFile.txt
INFO  [SwingWorker-pool-1-thread-1] 2025-06-30 15:02:34,139 repast.simphony.batch.ssh.LocalSession - 
	Copying locally C:\Users\fniet\AppData\Local\Temp\fniet_localhost9757758846517614166.zip to 
C:\Users\fniet\AppData\Local\Temp\simphony_model_1751306552097 ...
INFO  [SwingWorker-pool-1-thread-1] 2025-06-30 15:02:34,341 repast.simphony.batch.ssh.LocalSession - Copying Finished.
INFO  [SwingWorker-pool-1-thread-1] 2025-06-30 15:02:34,341 repast.simphony.batch.ssh.SessionsDriver - Initialization Time: 0,0374
INFO  [SwingWorker-pool-1-thread-1] 2025-06-30 15:02:34,341 repast.simphony.batch.ssh.LocalSession - Unzipping model C:\Users\fniet\AppData\Local\Temp\simphony_model_1751306552097\fniet_localhost9757758846517614166.zip
INFO  [SwingWorker-pool-1-thread-1] 2025-06-30 15:02:34,908 repast.simphony.batch.ssh.LocalSession - Running model on localhost ...
INFO  [Thread-0] 2025-06-30 15:02:51,054 repast.simphony.batch.ssh.LocalSession - WARNING: An illegal reflective access operation has occurred
INFO  [Thread-0] 2025-06-30 15:02:51,054 repast.simphony.batch.ssh.LocalSession - WARNING: Illegal reflective access by com.thoughtworks.xstream.core.util.Fields (file:/C:/Users/fniet/AppData/Local/Temp/simphony_model_1751306552097/lib/xstream-1.4.7.jar) to field java.util.TreeMap.comparator
INFO  [Thread-0] 2025-06-30 15:02:51,055 repast.simphony.batch.ssh.LocalSession - WARNING: Please consider reporting this to the maintainers of com.thoughtworks.xstream.core.util.Fields
INFO  [Thread-0] 2025-06-30 15:02:51,055 repast.simphony.batch.ssh.LocalSession - WARNING: Use --illegal-access=warn to enable warnings of further illegal reflective access operations
INFO  [Thread-0] 2025-06-30 15:02:51,055 repast.simphony.batch.ssh.LocalSession - WARNING: All illegal access operations will be denied in a future release
INFO  [Thread-0] 2025-06-30 15:02:51,141 repast.simphony.batch.ssh.LocalSession - WARNING: An illegal reflective access operation has occurred
INFO  [Thread-0] 2025-06-30 15:02:51,141 repast.simphony.batch.ssh.LocalSession - WARNING: Illegal reflective access by com.thoughtworks.xstream.core.util.Fields (file:/C:/Users/fniet/AppData/Local/Temp/simphony_model_1751306552097/lib/xstream-1.4.7.jar) to field java.util.TreeMap.comparator
INFO  [Thread-0] 2025-06-30 15:02:51,141 repast.simphony.batch.ssh.LocalSession - WARNING: Please consider reporting this to the maintainers of com.thoughtworks.xstream.core.util.Fields
INFO  [Thread-0] 2025-06-30 15:02:51,141 repast.simphony.batch.ssh.LocalSession - WARNING: Use --illegal-access=warn to enable warnings of further illegal reflective access operations
INFO  [Thread-0] 2025-06-30 15:02:51,143 repast.simphony.batch.ssh.LocalSession - WARNING: All illegal access operations will be denied in a future release
INFO  [Thread-0] 2025-06-30 15:02:51,172 repast.simphony.batch.ssh.LocalSession - WARNING: An illegal reflective access operation has occurred
INFO  [Thread-0] 2025-06-30 15:02:51,172 repast.simphony.batch.ssh.LocalSession - WARNING: Illegal reflective access by com.thoughtworks.xstream.core.util.Fields (file:/C:/Users/fniet/AppData/Local/Temp/simphony_model_1751306552097/lib/xstream-1.4.7.jar) to field java.util.TreeMap.comparator
INFO  [Thread-0] 2025-06-30 15:02:51,172 repast.simphony.batch.ssh.LocalSession - WARNING: Please consider reporting this to the maintainers of com.thoughtworks.xstream.core.util.Fields
INFO  [Thread-0] 2025-06-30 15:02:51,172 repast.simphony.batch.ssh.LocalSession - WARNING: Use --illegal-access=warn to enable warnings of further illegal reflective access operations
INFO  [Thread-0] 2025-06-30 15:02:51,172 repast.simphony.batch.ssh.LocalSession - WARNING: All illegal access operations will be denied in a future release
INFO  [Thread-0] 2025-06-30 15:02:51,628 repast.simphony.batch.ssh.LocalSession - WARNING: An illegal reflective access operation has occurred
INFO  [Thread-0] 2025-06-30 15:02:51,628 repast.simphony.batch.ssh.LocalSession - WARNING: Illegal reflective access by com.thoughtworks.xstream.core.util.Fields (file:/C:/Users/fniet/AppData/Local/Temp/simphony_model_1751306552097/lib/xstream-1.4.7.jar) to field java.util.TreeMap.comparator
INFO  [Thread-0] 2025-06-30 15:02:51,628 repast.simphony.batch.ssh.LocalSession - WARNING: Please consider reporting this to the maintainers of com.thoughtworks.xstream.core.util.Fields
INFO  [Thread-0] 2025-06-30 15:02:51,628 repast.simphony.batch.ssh.LocalSession - WARNING: Use --illegal-access=warn to enable warnings of further illegal reflective access operations
INFO  [Thread-0] 2025-06-30 15:02:51,628 repast.simphony.batch.ssh.LocalSession - WARNING: All illegal access operations will be denied in a future release
INFO  [Thread-0] 2025-06-30 15:02:51,895 repast.simphony.batch.ssh.LocalSession - mypath = C:/Users/fniet/OneDrive/Documentos/GitHub/endomembraneSystemTf/immunity/
INFO  [Thread-0] 2025-06-30 15:02:51,895 repast.simphony.batch.ssh.LocalSession - mypath out= C:/Users/fniet/OneDrive/Documentos/GitHub/endomembraneSystemTf/immunity//output/2025-06-30-15-02-470-b7e/
INFO  [Thread-0] 2025-06-30 15:02:51,915 repast.simphony.batch.ssh.LocalSession - mypath = C:/Users/fniet/OneDrive/Documentos/GitHub/endomembraneSystemTf/immunity/
INFO  [Thread-0] 2025-06-30 15:02:51,915 repast.simphony.batch.ssh.LocalSession - mypath out= C:/Users/fniet/OneDrive/Documentos/GitHub/endomembraneSystemTf/immunity//output/2025-06-30-15-02-577-a41/
INFO  [Thread-0] 2025-06-30 15:02:51,941 repast.simphony.batch.ssh.LocalSession - mypath = C:/Users/fniet/OneDrive/Documentos/GitHub/endomembraneSystemTf/immunity/
INFO  [Thread-0] 2025-06-30 15:02:51,941 repast.simphony.batch.ssh.LocalSession - mypath out= C:/Users/fniet/OneDrive/Documentos/GitHub/endomembraneSystemTf/immunity//output/2025-06-30-15-02-610-546/
INFO  [Thread-0] 2025-06-30 15:02:52,003 repast.simphony.batch.ssh.LocalSession - Break tick: 60100.0
INFO  [Thread-0] 2025-06-30 15:02:52,035 repast.simphony.batch.ssh.LocalSession - Break tick: 60100.0
INFO  [Thread-0] 2025-06-30 15:02:52,057 repast.simphony.batch.ssh.LocalSession - Break tick: 60100.0
INFO  [Thread-0] 2025-06-30 15:02:52,394 repast.simphony.batch.ssh.LocalSession - mypath = C:/Users/fniet/OneDrive/Documentos/GitHub/endomembraneSystemTf/immunity/
INFO  [Thread-0] 2025-06-30 15:02:52,394 repast.simphony.batch.ssh.LocalSession - mypath out= C:/Users/fniet/OneDrive/Documentos/GitHub/endomembraneSystemTf/immunity//output/2025-06-30-15-02-932-480/
INFO  [Thread-0] 2025-06-30 15:02:52,542 repast.simphony.batch.ssh.LocalSession - Break tick: 60100.0
INFO  [pool-2-thread-1] 2025-06-30 15:03:34,925 repast.simphony.batch.ssh.LocalDonePoller - Polled C:\Users\fniet\AppData\Local\Temp\simphony_model_1751306552097 for DONE:  no
INFO  [pool-2-thread-1] 2025-06-30 15:04:35,021 repast.simphony.batch.ssh.LocalDonePoller - Polled C:\Users\fniet\AppData\Local\Temp\simphony_model_1751306552097 for DONE:  no
INFO  [pool-2-thread-1] 2025-06-30 15:05:35,069 repast.simphony.batch.ssh.LocalDonePoller - Polled C:\Users\fniet\AppData\Local\Temp\simphony_model_1751306552097 for DONE:  no
INFO  [pool-2-thread-1] 2025-06-30 15:06:35,112 repast.simphony.batch.ssh.LocalDonePoller - Polled C:\Users\fniet\AppData\Local\Temp\simphony_model_1751306552097 for DONE:  no
INFO  [pool-2-thread-1] 2025-06-30 15:07:35,138 repast.simphony.batch.ssh.LocalDonePoller - Polled C:\Users\fniet\AppData\Local\Temp\simphony_model_1751306552097 for DONE:  no
INFO  [pool-2-thread-1] 2025-06-30 15:08:35,167 repast.simphony.batch.ssh.LocalDonePoller - Polled C:\Users\fniet\AppData\Local\Temp\simphony_model_1751306552097 for DONE:  no
INFO  [pool-2-thread-1] 2025-06-30 15:09:35,181 repast.simphony.batch.ssh.LocalDonePoller - Polled C:\Users\fniet\AppData\Local\Temp\simphony_model_1751306552097 for DONE:  no
INFO  [pool-2-thread-1] 2025-06-30 15:10:35,357 repast.simphony.batch.ssh.LocalDonePoller - Polled C:\Users\fniet\AppData\Local\Temp\simphony_model_1751306552097 for DONE:  no
INFO  [pool-2-thread-1] 2025-06-30 15:11:35,455 repast.simphony.batch.ssh.LocalDonePoller - Polled C:\Users\fniet\AppData\Local\Temp\simphony_model_1751306552097 for DONE:  no
INFO  [pool-2-thread-1] 2025-06-30 15:12:35,469 repast.simphony.batch.ssh.LocalDonePoller - Polled C:\Users\fniet\AppData\Local\Temp\simphony_model_1751306552097 for DONE:  yes
INFO  [SwingWorker-pool-1-thread-1] 2025-06-30 15:12:35,520 repast.simphony.batch.ssh.SessionsDriver - Run Time: 10,0195
INFO  [SwingWorker-pool-1-thread-1] 2025-06-30 15:12:35,648 repast.simphony.batch.ssh.LocalSession - Finding output on localhost in C:\Users\fniet\AppData\Local\Temp\simphony_model_1751306552097
INFO  [SwingWorker-pool-1-thread-1] 2025-06-30 15:12:35,682 repast.simphony.batch.ssh.SessionsDriver - Aggregating output into C:/Users/fniet/OneDrive/Documentos/GitHub/endomembraneSystemTf/immunity/output
INFO  [SwingWorker-pool-1-thread-1] 2025-06-30 15:12:35,684 repast.simphony.batch.ssh.SessionsDriver - Get Output Time: 0,0027
INFO  [SwingWorker-pool-1-thread-1] 2025-06-30 15:12:35,684 repast.simphony.batch.ssh.SessionsDriver - Finished. Elapsed Time: 10,0601
