2025-03-13 14:58:39,772 - SimpleLog4JLogSystem initialized using logfile 'velocity.log'
2025-03-13 14:58:39,772 - ************************************************************** 
2025-03-13 14:58:39,772 - Starting Jakarta Velocity v1.4
2025-03-13 14:58:39,772 - RuntimeInstance initializing.
2025-03-13 14:58:39,772 - Default Properties File: org\apache\velocity\runtime\defaults\velocity.properties
2025-03-13 14:58:39,772 - Trying to use logger class org.apache.velocity.runtime.log.SimpleLog4JLogSystem
2025-03-13 14:58:39,773 - Using logger class org.apache.velocity.runtime.log.SimpleLog4JLogSystem
2025-03-13 14:58:39,775 - Default ResourceManager initializing. (class org.apache.velocity.runtime.resource.ResourceManagerImpl)
2025-03-13 14:58:39,778 - Resource Loader Instantiated: org.apache.velocity.runtime.resource.loader.ClasspathResourceLoader
2025-03-13 14:58:39,778 - ClasspathResourceLoader : initialization starting.
2025-03-13 14:58:39,778 - ClasspathResourceLoader : initialization complete.
2025-03-13 14:58:39,780 - ResourceCache : initialized. (class org.apache.velocity.runtime.resource.ResourceCacheImpl)
2025-03-13 14:58:39,780 - Default ResourceManager initialization complete.
2025-03-13 14:58:39,782 - Loaded System Directive: org.apache.velocity.runtime.directive.Literal
2025-03-13 14:58:39,784 - Loaded System Directive: org.apache.velocity.runtime.directive.Macro
2025-03-13 14:58:39,786 - Loaded System Directive: org.apache.velocity.runtime.directive.Parse
2025-03-13 14:58:39,788 - Loaded System Directive: org.apache.velocity.runtime.directive.Include
2025-03-13 14:58:39,790 - Loaded System Directive: org.apache.velocity.runtime.directive.Foreach
2025-03-13 14:58:39,819 - Created: 20 parsers.
2025-03-13 14:58:39,825 - Velocimacro : initialization starting.
2025-03-13 14:58:39,825 - Velocimacro : adding VMs from VM library template : VM_global_library.vm
2025-03-13 14:58:39,828 - ResourceManager : unable to find resource 'VM_global_library.vm' in any resource loader.
2025-03-13 14:58:39,828 - Velocimacro : error using  VM library template VM_global_library.vm : org.apache.velocity.exception.ResourceNotFoundException: Unable to find resource 'VM_global_library.vm'
2025-03-13 14:58:39,829 - Velocimacro :  VM library template macro registration complete.
2025-03-13 14:58:39,829 - Velocimacro : allowInline = true : VMs can be defined inline in templates
2025-03-13 14:58:39,829 - Velocimacro : allowInlineToOverride = false : VMs defined inline may NOT replace previous VM definitions
2025-03-13 14:58:39,829 - Velocimacro : allowInlineLocal = false : VMs defined inline will be  global in scope if allowed.
2025-03-13 14:58:39,829 - Velocimacro : messages on  : VM system will output logging messages
2025-03-13 14:58:39,829 - Velocimacro : autoload off  : VM system will not automatically reload global library macros
2025-03-13 14:58:39,829 - Velocimacro : initialization complete.
2025-03-13 14:58:39,829 - Velocity successfully started.
2025-03-13 15:01:35,242 - SimpleLog4JLogSystem initialized using logfile 'velocity.log'
2025-03-13 15:01:35,242 - ************************************************************** 
2025-03-13 15:01:35,242 - Starting Jakarta Velocity v1.4
2025-03-13 15:01:35,242 - RuntimeInstance initializing.
2025-03-13 15:01:35,242 - Default Properties File: org\apache\velocity\runtime\defaults\velocity.properties
2025-03-13 15:01:35,242 - Trying to use logger class org.apache.velocity.runtime.log.SimpleLog4JLogSystem
2025-03-13 15:01:35,242 - Using logger class org.apache.velocity.runtime.log.SimpleLog4JLogSystem
2025-03-13 15:01:35,244 - Default ResourceManager initializing. (class org.apache.velocity.runtime.resource.ResourceManagerImpl)
2025-03-13 15:01:35,245 - Resource Loader Instantiated: org.apache.velocity.runtime.resource.loader.ClasspathResourceLoader
2025-03-13 15:01:35,245 - ClasspathResourceLoader : initialization starting.
2025-03-13 15:01:35,245 - ClasspathResourceLoader : initialization complete.
2025-03-13 15:01:35,246 - ResourceCache : initialized. (class org.apache.velocity.runtime.resource.ResourceCacheImpl)
2025-03-13 15:01:35,246 - Default ResourceManager initialization complete.
2025-03-13 15:01:35,247 - Loaded System Directive: org.apache.velocity.runtime.directive.Literal
2025-03-13 15:01:35,248 - Loaded System Directive: org.apache.velocity.runtime.directive.Macro
2025-03-13 15:01:35,249 - Loaded System Directive: org.apache.velocity.runtime.directive.Parse
2025-03-13 15:01:35,250 - Loaded System Directive: org.apache.velocity.runtime.directive.Include
2025-03-13 15:01:35,250 - Loaded System Directive: org.apache.velocity.runtime.directive.Foreach
2025-03-13 15:01:35,266 - Created: 20 parsers.
2025-03-13 15:01:35,269 - Velocimacro : initialization starting.
2025-03-13 15:01:35,270 - Velocimacro : adding VMs from VM library template : VM_global_library.vm
2025-03-13 15:01:35,271 - ResourceManager : unable to find resource 'VM_global_library.vm' in any resource loader.
2025-03-13 15:01:35,271 - Velocimacro : error using  VM library template VM_global_library.vm : org.apache.velocity.exception.ResourceNotFoundException: Unable to find resource 'VM_global_library.vm'
2025-03-13 15:01:35,271 - Velocimacro :  VM library template macro registration complete.
2025-03-13 15:01:35,272 - Velocimacro : allowInline = true : VMs can be defined inline in templates
2025-03-13 15:01:35,272 - Velocimacro : allowInlineToOverride = false : VMs defined inline may NOT replace previous VM definitions
2025-03-13 15:01:35,272 - Velocimacro : allowInlineLocal = false : VMs defined inline will be  global in scope if allowed.
2025-03-13 15:01:35,272 - Velocimacro : messages on  : VM system will output logging messages
2025-03-13 15:01:35,272 - Velocimacro : autoload off  : VM system will not automatically reload global library macros
2025-03-13 15:01:35,272 - Velocimacro : initialization complete.
2025-03-13 15:01:35,272 - Velocity successfully started.
2025-03-13 15:07:03,264 - SimpleLog4JLogSystem initialized using logfile 'velocity.log'
2025-03-13 15:07:03,265 - ************************************************************** 
2025-03-13 15:07:03,265 - Starting Jakarta Velocity v1.4
2025-03-13 15:07:03,265 - RuntimeInstance initializing.
2025-03-13 15:07:03,265 - Default Properties File: org\apache\velocity\runtime\defaults\velocity.properties
2025-03-13 15:07:03,265 - Trying to use logger class org.apache.velocity.runtime.log.SimpleLog4JLogSystem
2025-03-13 15:07:03,265 - Using logger class org.apache.velocity.runtime.log.SimpleLog4JLogSystem
2025-03-13 15:07:03,269 - Default ResourceManager initializing. (class org.apache.velocity.runtime.resource.ResourceManagerImpl)
2025-03-13 15:07:03,271 - Resource Loader Instantiated: org.apache.velocity.runtime.resource.loader.ClasspathResourceLoader
2025-03-13 15:07:03,271 - ClasspathResourceLoader : initialization starting.
2025-03-13 15:07:03,271 - ClasspathResourceLoader : initialization complete.
2025-03-13 15:07:03,273 - ResourceCache : initialized. (class org.apache.velocity.runtime.resource.ResourceCacheImpl)
2025-03-13 15:07:03,273 - Default ResourceManager initialization complete.
2025-03-13 15:07:03,275 - Loaded System Directive: org.apache.velocity.runtime.directive.Literal
2025-03-13 15:07:03,277 - Loaded System Directive: org.apache.velocity.runtime.directive.Macro
2025-03-13 15:07:03,279 - Loaded System Directive: org.apache.velocity.runtime.directive.Parse
2025-03-13 15:07:03,281 - Loaded System Directive: org.apache.velocity.runtime.directive.Include
2025-03-13 15:07:03,282 - Loaded System Directive: org.apache.velocity.runtime.directive.Foreach
2025-03-13 15:07:03,312 - Created: 20 parsers.
2025-03-13 15:07:03,319 - Velocimacro : initialization starting.
2025-03-13 15:07:03,319 - Velocimacro : adding VMs from VM library template : VM_global_library.vm
2025-03-13 15:07:03,322 - ResourceManager : unable to find resource 'VM_global_library.vm' in any resource loader.
2025-03-13 15:07:03,322 - Velocimacro : error using  VM library template VM_global_library.vm : org.apache.velocity.exception.ResourceNotFoundException: Unable to find resource 'VM_global_library.vm'
2025-03-13 15:07:03,322 - Velocimacro :  VM library template macro registration complete.
2025-03-13 15:07:03,322 - Velocimacro : allowInline = true : VMs can be defined inline in templates
2025-03-13 15:07:03,322 - Velocimacro : allowInlineToOverride = false : VMs defined inline may NOT replace previous VM definitions
2025-03-13 15:07:03,323 - Velocimacro : allowInlineLocal = false : VMs defined inline will be  global in scope if allowed.
2025-03-13 15:07:03,323 - Velocimacro : messages on  : VM system will output logging messages
2025-03-13 15:07:03,323 - Velocimacro : autoload off  : VM system will not automatically reload global library macros
2025-03-13 15:07:03,323 - Velocimacro : initialization complete.
2025-03-13 15:07:03,323 - Velocity successfully started.
2025-03-13 15:21:17,007 - SimpleLog4JLogSystem initialized using logfile 'velocity.log'
2025-03-13 15:21:17,008 - ************************************************************** 
2025-03-13 15:21:17,008 - Starting Jakarta Velocity v1.4
2025-03-13 15:21:17,008 - RuntimeInstance initializing.
2025-03-13 15:21:17,008 - Default Properties File: org\apache\velocity\runtime\defaults\velocity.properties
2025-03-13 15:21:17,008 - Trying to use logger class org.apache.velocity.runtime.log.SimpleLog4JLogSystem
2025-03-13 15:21:17,008 - Using logger class org.apache.velocity.runtime.log.SimpleLog4JLogSystem
2025-03-13 15:21:17,011 - Default ResourceManager initializing. (class org.apache.velocity.runtime.resource.ResourceManagerImpl)
2025-03-13 15:21:17,014 - Resource Loader Instantiated: org.apache.velocity.runtime.resource.loader.ClasspathResourceLoader
2025-03-13 15:21:17,014 - ClasspathResourceLoader : initialization starting.
2025-03-13 15:21:17,014 - ClasspathResourceLoader : initialization complete.
2025-03-13 15:21:17,015 - ResourceCache : initialized. (class org.apache.velocity.runtime.resource.ResourceCacheImpl)
2025-03-13 15:21:17,015 - Default ResourceManager initialization complete.
2025-03-13 15:21:17,017 - Loaded System Directive: org.apache.velocity.runtime.directive.Literal
2025-03-13 15:21:17,019 - Loaded System Directive: org.apache.velocity.runtime.directive.Macro
2025-03-13 15:21:17,022 - Loaded System Directive: org.apache.velocity.runtime.directive.Parse
2025-03-13 15:21:17,023 - Loaded System Directive: org.apache.velocity.runtime.directive.Include
2025-03-13 15:21:17,024 - Loaded System Directive: org.apache.velocity.runtime.directive.Foreach
2025-03-13 15:21:17,054 - Created: 20 parsers.
2025-03-13 15:21:17,060 - Velocimacro : initialization starting.
2025-03-13 15:21:17,060 - Velocimacro : adding VMs from VM library template : VM_global_library.vm
2025-03-13 15:21:17,064 - ResourceManager : unable to find resource 'VM_global_library.vm' in any resource loader.
2025-03-13 15:21:17,064 - Velocimacro : error using  VM library template VM_global_library.vm : org.apache.velocity.exception.ResourceNotFoundException: Unable to find resource 'VM_global_library.vm'
2025-03-13 15:21:17,064 - Velocimacro :  VM library template macro registration complete.
2025-03-13 15:21:17,064 - Velocimacro : allowInline = true : VMs can be defined inline in templates
2025-03-13 15:21:17,064 - Velocimacro : allowInlineToOverride = false : VMs defined inline may NOT replace previous VM definitions
2025-03-13 15:21:17,064 - Velocimacro : allowInlineLocal = false : VMs defined inline will be  global in scope if allowed.
2025-03-13 15:21:17,064 - Velocimacro : messages on  : VM system will output logging messages
2025-03-13 15:21:17,064 - Velocimacro : autoload off  : VM system will not automatically reload global library macros
2025-03-13 15:21:17,064 - Velocimacro : initialization complete.
2025-03-13 15:21:17,064 - Velocity successfully started.
2025-03-13 15:29:10,353 - SimpleLog4JLogSystem initialized using logfile 'velocity.log'
2025-03-13 15:29:10,353 - ************************************************************** 
2025-03-13 15:29:10,353 - Starting Jakarta Velocity v1.4
2025-03-13 15:29:10,353 - RuntimeInstance initializing.
2025-03-13 15:29:10,353 - Default Properties File: org\apache\velocity\runtime\defaults\velocity.properties
2025-03-13 15:29:10,353 - Trying to use logger class org.apache.velocity.runtime.log.SimpleLog4JLogSystem
2025-03-13 15:29:10,354 - Using logger class org.apache.velocity.runtime.log.SimpleLog4JLogSystem
2025-03-13 15:29:10,355 - Default ResourceManager initializing. (class org.apache.velocity.runtime.resource.ResourceManagerImpl)
2025-03-13 15:29:10,357 - Resource Loader Instantiated: org.apache.velocity.runtime.resource.loader.ClasspathResourceLoader
2025-03-13 15:29:10,357 - ClasspathResourceLoader : initialization starting.
2025-03-13 15:29:10,357 - ClasspathResourceLoader : initialization complete.
2025-03-13 15:29:10,358 - ResourceCache : initialized. (class org.apache.velocity.runtime.resource.ResourceCacheImpl)
2025-03-13 15:29:10,358 - Default ResourceManager initialization complete.
2025-03-13 15:29:10,359 - Loaded System Directive: org.apache.velocity.runtime.directive.Literal
2025-03-13 15:29:10,360 - Loaded System Directive: org.apache.velocity.runtime.directive.Macro
2025-03-13 15:29:10,361 - Loaded System Directive: org.apache.velocity.runtime.directive.Parse
2025-03-13 15:29:10,362 - Loaded System Directive: org.apache.velocity.runtime.directive.Include
2025-03-13 15:29:10,363 - Loaded System Directive: org.apache.velocity.runtime.directive.Foreach
2025-03-13 15:29:10,378 - Created: 20 parsers.
2025-03-13 15:29:10,381 - Velocimacro : initialization starting.
2025-03-13 15:29:10,381 - Velocimacro : adding VMs from VM library template : VM_global_library.vm
2025-03-13 15:29:10,383 - ResourceManager : unable to find resource 'VM_global_library.vm' in any resource loader.
2025-03-13 15:29:10,383 - Velocimacro : error using  VM library template VM_global_library.vm : org.apache.velocity.exception.ResourceNotFoundException: Unable to find resource 'VM_global_library.vm'
2025-03-13 15:29:10,384 - Velocimacro :  VM library template macro registration complete.
2025-03-13 15:29:10,384 - Velocimacro : allowInline = true : VMs can be defined inline in templates
2025-03-13 15:29:10,384 - Velocimacro : allowInlineToOverride = false : VMs defined inline may NOT replace previous VM definitions
2025-03-13 15:29:10,384 - Velocimacro : allowInlineLocal = false : VMs defined inline will be  global in scope if allowed.
2025-03-13 15:29:10,384 - Velocimacro : messages on  : VM system will output logging messages
2025-03-13 15:29:10,384 - Velocimacro : autoload off  : VM system will not automatically reload global library macros
2025-03-13 15:29:10,384 - Velocimacro : initialization complete.
2025-03-13 15:29:10,384 - Velocity successfully started.
2025-03-13 16:04:49,187 - SimpleLog4JLogSystem initialized using logfile 'velocity.log'
2025-03-13 16:04:49,187 - ************************************************************** 
2025-03-13 16:04:49,187 - Starting Jakarta Velocity v1.4
2025-03-13 16:04:49,187 - RuntimeInstance initializing.
2025-03-13 16:04:49,187 - Default Properties File: org\apache\velocity\runtime\defaults\velocity.properties
2025-03-13 16:04:49,187 - Trying to use logger class org.apache.velocity.runtime.log.SimpleLog4JLogSystem
2025-03-13 16:04:49,188 - Using logger class org.apache.velocity.runtime.log.SimpleLog4JLogSystem
2025-03-13 16:04:49,191 - Default ResourceManager initializing. (class org.apache.velocity.runtime.resource.ResourceManagerImpl)
2025-03-13 16:04:49,193 - Resource Loader Instantiated: org.apache.velocity.runtime.resource.loader.ClasspathResourceLoader
2025-03-13 16:04:49,193 - ClasspathResourceLoader : initialization starting.
2025-03-13 16:04:49,193 - ClasspathResourceLoader : initialization complete.
2025-03-13 16:04:49,194 - ResourceCache : initialized. (class org.apache.velocity.runtime.resource.ResourceCacheImpl)
2025-03-13 16:04:49,194 - Default ResourceManager initialization complete.
2025-03-13 16:04:49,196 - Loaded System Directive: org.apache.velocity.runtime.directive.Literal
2025-03-13 16:04:49,198 - Loaded System Directive: org.apache.velocity.runtime.directive.Macro
2025-03-13 16:04:49,201 - Loaded System Directive: org.apache.velocity.runtime.directive.Parse
2025-03-13 16:04:49,203 - Loaded System Directive: org.apache.velocity.runtime.directive.Include
2025-03-13 16:04:49,204 - Loaded System Directive: org.apache.velocity.runtime.directive.Foreach
2025-03-13 16:04:49,233 - Created: 20 parsers.
2025-03-13 16:04:49,240 - Velocimacro : initialization starting.
2025-03-13 16:04:49,240 - Velocimacro : adding VMs from VM library template : VM_global_library.vm
2025-03-13 16:04:49,243 - ResourceManager : unable to find resource 'VM_global_library.vm' in any resource loader.
2025-03-13 16:04:49,244 - Velocimacro : error using  VM library template VM_global_library.vm : org.apache.velocity.exception.ResourceNotFoundException: Unable to find resource 'VM_global_library.vm'
2025-03-13 16:04:49,244 - Velocimacro :  VM library template macro registration complete.
2025-03-13 16:04:49,244 - Velocimacro : allowInline = true : VMs can be defined inline in templates
2025-03-13 16:04:49,244 - Velocimacro : allowInlineToOverride = false : VMs defined inline may NOT replace previous VM definitions
2025-03-13 16:04:49,244 - Velocimacro : allowInlineLocal = false : VMs defined inline will be  global in scope if allowed.
2025-03-13 16:04:49,244 - Velocimacro : messages on  : VM system will output logging messages
2025-03-13 16:04:49,244 - Velocimacro : autoload off  : VM system will not automatically reload global library macros
2025-03-13 16:04:49,244 - Velocimacro : initialization complete.
2025-03-13 16:04:49,244 - Velocity successfully started.
2025-03-13 16:35:02,778 - SimpleLog4JLogSystem initialized using logfile 'velocity.log'
2025-03-13 16:35:02,779 - ************************************************************** 
2025-03-13 16:35:02,779 - Starting Jakarta Velocity v1.4
2025-03-13 16:35:02,779 - RuntimeInstance initializing.
2025-03-13 16:35:02,779 - Default Properties File: org\apache\velocity\runtime\defaults\velocity.properties
2025-03-13 16:35:02,779 - Trying to use logger class org.apache.velocity.runtime.log.SimpleLog4JLogSystem
2025-03-13 16:35:02,779 - Using logger class org.apache.velocity.runtime.log.SimpleLog4JLogSystem
2025-03-13 16:35:02,782 - Default ResourceManager initializing. (class org.apache.velocity.runtime.resource.ResourceManagerImpl)
2025-03-13 16:35:02,785 - Resource Loader Instantiated: org.apache.velocity.runtime.resource.loader.ClasspathResourceLoader
2025-03-13 16:35:02,785 - ClasspathResourceLoader : initialization starting.
2025-03-13 16:35:02,785 - ClasspathResourceLoader : initialization complete.
2025-03-13 16:35:02,787 - ResourceCache : initialized. (class org.apache.velocity.runtime.resource.ResourceCacheImpl)
2025-03-13 16:35:02,787 - Default ResourceManager initialization complete.
2025-03-13 16:35:02,789 - Loaded System Directive: org.apache.velocity.runtime.directive.Literal
2025-03-13 16:35:02,791 - Loaded System Directive: org.apache.velocity.runtime.directive.Macro
2025-03-13 16:35:02,793 - Loaded System Directive: org.apache.velocity.runtime.directive.Parse
2025-03-13 16:35:02,795 - Loaded System Directive: org.apache.velocity.runtime.directive.Include
2025-03-13 16:35:02,796 - Loaded System Directive: org.apache.velocity.runtime.directive.Foreach
2025-03-13 16:35:02,827 - Created: 20 parsers.
2025-03-13 16:35:02,834 - Velocimacro : initialization starting.
2025-03-13 16:35:02,834 - Velocimacro : adding VMs from VM library template : VM_global_library.vm
2025-03-13 16:35:02,837 - ResourceManager : unable to find resource 'VM_global_library.vm' in any resource loader.
2025-03-13 16:35:02,838 - Velocimacro : error using  VM library template VM_global_library.vm : org.apache.velocity.exception.ResourceNotFoundException: Unable to find resource 'VM_global_library.vm'
2025-03-13 16:35:02,838 - Velocimacro :  VM library template macro registration complete.
2025-03-13 16:35:02,838 - Velocimacro : allowInline = true : VMs can be defined inline in templates
2025-03-13 16:35:02,838 - Velocimacro : allowInlineToOverride = false : VMs defined inline may NOT replace previous VM definitions
2025-03-13 16:35:02,838 - Velocimacro : allowInlineLocal = false : VMs defined inline will be  global in scope if allowed.
2025-03-13 16:35:02,838 - Velocimacro : messages on  : VM system will output logging messages
2025-03-13 16:35:02,838 - Velocimacro : autoload off  : VM system will not automatically reload global library macros
2025-03-13 16:35:02,838 - Velocimacro : initialization complete.
2025-03-13 16:35:02,838 - Velocity successfully started.
2025-05-19 14:40:41,032 - SimpleLog4JLogSystem initialized using logfile 'velocity.log'
2025-05-19 14:40:41,032 - ************************************************************** 
2025-05-19 14:40:41,032 - Starting Jakarta Velocity v1.4
2025-05-19 14:40:41,032 - RuntimeInstance initializing.
2025-05-19 14:40:41,032 - Default Properties File: org\apache\velocity\runtime\defaults\velocity.properties
2025-05-19 14:40:41,032 - Trying to use logger class org.apache.velocity.runtime.log.SimpleLog4JLogSystem
2025-05-19 14:40:41,032 - Using logger class org.apache.velocity.runtime.log.SimpleLog4JLogSystem
2025-05-19 14:40:41,034 - Default ResourceManager initializing. (class org.apache.velocity.runtime.resource.ResourceManagerImpl)
2025-05-19 14:40:41,034 - Resource Loader Instantiated: org.apache.velocity.runtime.resource.loader.ClasspathResourceLoader
2025-05-19 14:40:41,034 - ClasspathResourceLoader : initialization starting.
2025-05-19 14:40:41,034 - ClasspathResourceLoader : initialization complete.
2025-05-19 14:40:41,034 - ResourceCache : initialized. (class org.apache.velocity.runtime.resource.ResourceCacheImpl)
2025-05-19 14:40:41,034 - Default ResourceManager initialization complete.
2025-05-19 14:40:41,034 - Loaded System Directive: org.apache.velocity.runtime.directive.Literal
2025-05-19 14:40:41,034 - Loaded System Directive: org.apache.velocity.runtime.directive.Macro
2025-05-19 14:40:41,040 - Loaded System Directive: org.apache.velocity.runtime.directive.Parse
2025-05-19 14:40:41,040 - Loaded System Directive: org.apache.velocity.runtime.directive.Include
2025-05-19 14:40:41,040 - Loaded System Directive: org.apache.velocity.runtime.directive.Foreach
2025-05-19 14:40:41,056 - Created: 20 parsers.
2025-05-19 14:40:41,058 - Velocimacro : initialization starting.
2025-05-19 14:40:41,058 - Velocimacro : adding VMs from VM library template : VM_global_library.vm
2025-05-19 14:40:41,060 - ResourceManager : unable to find resource 'VM_global_library.vm' in any resource loader.
2025-05-19 14:40:41,060 - Velocimacro : error using  VM library template VM_global_library.vm : org.apache.velocity.exception.ResourceNotFoundException: Unable to find resource 'VM_global_library.vm'
2025-05-19 14:40:41,060 - Velocimacro :  VM library template macro registration complete.
2025-05-19 14:40:41,060 - Velocimacro : allowInline = true : VMs can be defined inline in templates
2025-05-19 14:40:41,060 - Velocimacro : allowInlineToOverride = false : VMs defined inline may NOT replace previous VM definitions
2025-05-19 14:40:41,060 - Velocimacro : allowInlineLocal = false : VMs defined inline will be  global in scope if allowed.
2025-05-19 14:40:41,060 - Velocimacro : messages on  : VM system will output logging messages
2025-05-19 14:40:41,060 - Velocimacro : autoload off  : VM system will not automatically reload global library macros
2025-05-19 14:40:41,060 - Velocimacro : initialization complete.
2025-05-19 14:40:41,060 - Velocity successfully started.
2025-05-19 14:48:03,832 - SimpleLog4JLogSystem initialized using logfile 'velocity.log'
2025-05-19 14:48:03,832 - ************************************************************** 
2025-05-19 14:48:03,832 - Starting Jakarta Velocity v1.4
2025-05-19 14:48:03,832 - RuntimeInstance initializing.
2025-05-19 14:48:03,832 - Default Properties File: org\apache\velocity\runtime\defaults\velocity.properties
2025-05-19 14:48:03,832 - Trying to use logger class org.apache.velocity.runtime.log.SimpleLog4JLogSystem
2025-05-19 14:48:03,832 - Using logger class org.apache.velocity.runtime.log.SimpleLog4JLogSystem
2025-05-19 14:48:03,836 - Default ResourceManager initializing. (class org.apache.velocity.runtime.resource.ResourceManagerImpl)
2025-05-19 14:48:03,836 - Resource Loader Instantiated: org.apache.velocity.runtime.resource.loader.ClasspathResourceLoader
2025-05-19 14:48:03,836 - ClasspathResourceLoader : initialization starting.
2025-05-19 14:48:03,836 - ClasspathResourceLoader : initialization complete.
2025-05-19 14:48:03,839 - ResourceCache : initialized. (class org.apache.velocity.runtime.resource.ResourceCacheImpl)
2025-05-19 14:48:03,839 - Default ResourceManager initialization complete.
2025-05-19 14:48:03,840 - Loaded System Directive: org.apache.velocity.runtime.directive.Literal
2025-05-19 14:48:03,843 - Loaded System Directive: org.apache.velocity.runtime.directive.Macro
2025-05-19 14:48:03,844 - Loaded System Directive: org.apache.velocity.runtime.directive.Parse
2025-05-19 14:48:03,845 - Loaded System Directive: org.apache.velocity.runtime.directive.Include
2025-05-19 14:48:03,846 - Loaded System Directive: org.apache.velocity.runtime.directive.Foreach
2025-05-19 14:48:03,860 - Created: 20 parsers.
2025-05-19 14:48:03,868 - Velocimacro : initialization starting.
2025-05-19 14:48:03,868 - Velocimacro : adding VMs from VM library template : VM_global_library.vm
2025-05-19 14:48:03,869 - ResourceManager : unable to find resource 'VM_global_library.vm' in any resource loader.
2025-05-19 14:48:03,870 - Velocimacro : error using  VM library template VM_global_library.vm : org.apache.velocity.exception.ResourceNotFoundException: Unable to find resource 'VM_global_library.vm'
2025-05-19 14:48:03,870 - Velocimacro :  VM library template macro registration complete.
2025-05-19 14:48:03,870 - Velocimacro : allowInline = true : VMs can be defined inline in templates
2025-05-19 14:48:03,870 - Velocimacro : allowInlineToOverride = false : VMs defined inline may NOT replace previous VM definitions
2025-05-19 14:48:03,870 - Velocimacro : allowInlineLocal = false : VMs defined inline will be  global in scope if allowed.
2025-05-19 14:48:03,870 - Velocimacro : messages on  : VM system will output logging messages
2025-05-19 14:48:03,870 - Velocimacro : autoload off  : VM system will not automatically reload global library macros
2025-05-19 14:48:03,870 - Velocimacro : initialization complete.
2025-05-19 14:48:03,870 - Velocity successfully started.
2025-05-19 14:50:29,749 - SimpleLog4JLogSystem initialized using logfile 'velocity.log'
2025-05-19 14:50:29,749 - ************************************************************** 
2025-05-19 14:50:29,749 - Starting Jakarta Velocity v1.4
2025-05-19 14:50:29,749 - RuntimeInstance initializing.
2025-05-19 14:50:29,749 - Default Properties File: org\apache\velocity\runtime\defaults\velocity.properties
2025-05-19 14:50:29,749 - Trying to use logger class org.apache.velocity.runtime.log.SimpleLog4JLogSystem
2025-05-19 14:50:29,749 - Using logger class org.apache.velocity.runtime.log.SimpleLog4JLogSystem
2025-05-19 14:50:29,749 - Default ResourceManager initializing. (class org.apache.velocity.runtime.resource.ResourceManagerImpl)
2025-05-19 14:50:29,749 - Resource Loader Instantiated: org.apache.velocity.runtime.resource.loader.ClasspathResourceLoader
2025-05-19 14:50:29,749 - ClasspathResourceLoader : initialization starting.
2025-05-19 14:50:29,749 - ClasspathResourceLoader : initialization complete.
2025-05-19 14:50:29,749 - ResourceCache : initialized. (class org.apache.velocity.runtime.resource.ResourceCacheImpl)
2025-05-19 14:50:29,749 - Default ResourceManager initialization complete.
2025-05-19 14:50:29,749 - Loaded System Directive: org.apache.velocity.runtime.directive.Literal
2025-05-19 14:50:29,757 - Loaded System Directive: org.apache.velocity.runtime.directive.Macro
2025-05-19 14:50:29,757 - Loaded System Directive: org.apache.velocity.runtime.directive.Parse
2025-05-19 14:50:29,757 - Loaded System Directive: org.apache.velocity.runtime.directive.Include
2025-05-19 14:50:29,757 - Loaded System Directive: org.apache.velocity.runtime.directive.Foreach
2025-05-19 14:50:29,773 - Created: 20 parsers.
2025-05-19 14:50:29,773 - Velocimacro : initialization starting.
2025-05-19 14:50:29,773 - Velocimacro : adding VMs from VM library template : VM_global_library.vm
2025-05-19 14:50:29,773 - ResourceManager : unable to find resource 'VM_global_library.vm' in any resource loader.
2025-05-19 14:50:29,773 - Velocimacro : error using  VM library template VM_global_library.vm : org.apache.velocity.exception.ResourceNotFoundException: Unable to find resource 'VM_global_library.vm'
2025-05-19 14:50:29,773 - Velocimacro :  VM library template macro registration complete.
2025-05-19 14:50:29,773 - Velocimacro : allowInline = true : VMs can be defined inline in templates
2025-05-19 14:50:29,773 - Velocimacro : allowInlineToOverride = false : VMs defined inline may NOT replace previous VM definitions
2025-05-19 14:50:29,773 - Velocimacro : allowInlineLocal = false : VMs defined inline will be  global in scope if allowed.
2025-05-19 14:50:29,773 - Velocimacro : messages on  : VM system will output logging messages
2025-05-19 14:50:29,773 - Velocimacro : autoload off  : VM system will not automatically reload global library macros
2025-05-19 14:50:29,773 - Velocimacro : initialization complete.
2025-05-19 14:50:29,773 - Velocity successfully started.
2025-05-19 14:52:43,079 - SimpleLog4JLogSystem initialized using logfile 'velocity.log'
2025-05-19 14:52:43,079 - ************************************************************** 
2025-05-19 14:52:43,079 - Starting Jakarta Velocity v1.4
2025-05-19 14:52:43,079 - RuntimeInstance initializing.
2025-05-19 14:52:43,079 - Default Properties File: org\apache\velocity\runtime\defaults\velocity.properties
2025-05-19 14:52:43,079 - Trying to use logger class org.apache.velocity.runtime.log.SimpleLog4JLogSystem
2025-05-19 14:52:43,079 - Using logger class org.apache.velocity.runtime.log.SimpleLog4JLogSystem
2025-05-19 14:52:43,080 - Default ResourceManager initializing. (class org.apache.velocity.runtime.resource.ResourceManagerImpl)
2025-05-19 14:52:43,081 - Resource Loader Instantiated: org.apache.velocity.runtime.resource.loader.ClasspathResourceLoader
2025-05-19 14:52:43,081 - ClasspathResourceLoader : initialization starting.
2025-05-19 14:52:43,081 - ClasspathResourceLoader : initialization complete.
2025-05-19 14:52:43,081 - ResourceCache : initialized. (class org.apache.velocity.runtime.resource.ResourceCacheImpl)
2025-05-19 14:52:43,081 - Default ResourceManager initialization complete.
2025-05-19 14:52:43,083 - Loaded System Directive: org.apache.velocity.runtime.directive.Literal
2025-05-19 14:52:43,085 - Loaded System Directive: org.apache.velocity.runtime.directive.Macro
2025-05-19 14:52:43,085 - Loaded System Directive: org.apache.velocity.runtime.directive.Parse
2025-05-19 14:52:43,085 - Loaded System Directive: org.apache.velocity.runtime.directive.Include
2025-05-19 14:52:43,085 - Loaded System Directive: org.apache.velocity.runtime.directive.Foreach
2025-05-19 14:52:43,100 - Created: 20 parsers.
2025-05-19 14:52:43,104 - Velocimacro : initialization starting.
2025-05-19 14:52:43,104 - Velocimacro : adding VMs from VM library template : VM_global_library.vm
2025-05-19 14:52:43,104 - ResourceManager : unable to find resource 'VM_global_library.vm' in any resource loader.
2025-05-19 14:52:43,104 - Velocimacro : error using  VM library template VM_global_library.vm : org.apache.velocity.exception.ResourceNotFoundException: Unable to find resource 'VM_global_library.vm'
2025-05-19 14:52:43,104 - Velocimacro :  VM library template macro registration complete.
2025-05-19 14:52:43,104 - Velocimacro : allowInline = true : VMs can be defined inline in templates
2025-05-19 14:52:43,104 - Velocimacro : allowInlineToOverride = false : VMs defined inline may NOT replace previous VM definitions
2025-05-19 14:52:43,106 - Velocimacro : allowInlineLocal = false : VMs defined inline will be  global in scope if allowed.
2025-05-19 14:52:43,106 - Velocimacro : messages on  : VM system will output logging messages
2025-05-19 14:52:43,106 - Velocimacro : autoload off  : VM system will not automatically reload global library macros
2025-05-19 14:52:43,106 - Velocimacro : initialization complete.
2025-05-19 14:52:43,106 - Velocity successfully started.
2025-05-19 14:53:29,690 - SimpleLog4JLogSystem initialized using logfile 'velocity.log'
2025-05-19 14:53:29,690 - ************************************************************** 
2025-05-19 14:53:29,690 - Starting Jakarta Velocity v1.4
2025-05-19 14:53:29,690 - RuntimeInstance initializing.
2025-05-19 14:53:29,690 - Default Properties File: org\apache\velocity\runtime\defaults\velocity.properties
2025-05-19 14:53:29,690 - Trying to use logger class org.apache.velocity.runtime.log.SimpleLog4JLogSystem
2025-05-19 14:53:29,690 - Using logger class org.apache.velocity.runtime.log.SimpleLog4JLogSystem
2025-05-19 14:53:29,690 - Default ResourceManager initializing. (class org.apache.velocity.runtime.resource.ResourceManagerImpl)
2025-05-19 14:53:29,690 - Resource Loader Instantiated: org.apache.velocity.runtime.resource.loader.ClasspathResourceLoader
2025-05-19 14:53:29,690 - ClasspathResourceLoader : initialization starting.
2025-05-19 14:53:29,690 - ClasspathResourceLoader : initialization complete.
2025-05-19 14:53:29,690 - ResourceCache : initialized. (class org.apache.velocity.runtime.resource.ResourceCacheImpl)
2025-05-19 14:53:29,690 - Default ResourceManager initialization complete.
2025-05-19 14:53:29,690 - Loaded System Directive: org.apache.velocity.runtime.directive.Literal
2025-05-19 14:53:29,697 - Loaded System Directive: org.apache.velocity.runtime.directive.Macro
2025-05-19 14:53:29,699 - Loaded System Directive: org.apache.velocity.runtime.directive.Parse
2025-05-19 14:53:29,699 - Loaded System Directive: org.apache.velocity.runtime.directive.Include
2025-05-19 14:53:29,699 - Loaded System Directive: org.apache.velocity.runtime.directive.Foreach
2025-05-19 14:53:29,712 - Created: 20 parsers.
2025-05-19 14:53:29,715 - Velocimacro : initialization starting.
2025-05-19 14:53:29,715 - Velocimacro : adding VMs from VM library template : VM_global_library.vm
2025-05-19 14:53:29,716 - ResourceManager : unable to find resource 'VM_global_library.vm' in any resource loader.
2025-05-19 14:53:29,716 - Velocimacro : error using  VM library template VM_global_library.vm : org.apache.velocity.exception.ResourceNotFoundException: Unable to find resource 'VM_global_library.vm'
2025-05-19 14:53:29,716 - Velocimacro :  VM library template macro registration complete.
2025-05-19 14:53:29,716 - Velocimacro : allowInline = true : VMs can be defined inline in templates
2025-05-19 14:53:29,716 - Velocimacro : allowInlineToOverride = false : VMs defined inline may NOT replace previous VM definitions
2025-05-19 14:53:29,716 - Velocimacro : allowInlineLocal = false : VMs defined inline will be  global in scope if allowed.
2025-05-19 14:53:29,716 - Velocimacro : messages on  : VM system will output logging messages
2025-05-19 14:53:29,716 - Velocimacro : autoload off  : VM system will not automatically reload global library macros
2025-05-19 14:53:29,716 - Velocimacro : initialization complete.
2025-05-19 14:53:29,716 - Velocity successfully started.
2025-05-19 14:54:57,205 - SimpleLog4JLogSystem initialized using logfile 'velocity.log'
2025-05-19 14:54:57,205 - ************************************************************** 
2025-05-19 14:54:57,205 - Starting Jakarta Velocity v1.4
2025-05-19 14:54:57,205 - RuntimeInstance initializing.
2025-05-19 14:54:57,206 - Default Properties File: org\apache\velocity\runtime\defaults\velocity.properties
2025-05-19 14:54:57,206 - Trying to use logger class org.apache.velocity.runtime.log.SimpleLog4JLogSystem
2025-05-19 14:54:57,206 - Using logger class org.apache.velocity.runtime.log.SimpleLog4JLogSystem
2025-05-19 14:54:57,208 - Default ResourceManager initializing. (class org.apache.velocity.runtime.resource.ResourceManagerImpl)
2025-05-19 14:54:57,208 - Resource Loader Instantiated: org.apache.velocity.runtime.resource.loader.ClasspathResourceLoader
2025-05-19 14:54:57,208 - ClasspathResourceLoader : initialization starting.
2025-05-19 14:54:57,208 - ClasspathResourceLoader : initialization complete.
2025-05-19 14:54:57,210 - ResourceCache : initialized. (class org.apache.velocity.runtime.resource.ResourceCacheImpl)
2025-05-19 14:54:57,210 - Default ResourceManager initialization complete.
2025-05-19 14:54:57,212 - Loaded System Directive: org.apache.velocity.runtime.directive.Literal
2025-05-19 14:54:57,212 - Loaded System Directive: org.apache.velocity.runtime.directive.Macro
2025-05-19 14:54:57,214 - Loaded System Directive: org.apache.velocity.runtime.directive.Parse
2025-05-19 14:54:57,216 - Loaded System Directive: org.apache.velocity.runtime.directive.Include
2025-05-19 14:54:57,216 - Loaded System Directive: org.apache.velocity.runtime.directive.Foreach
2025-05-19 14:54:57,238 - Created: 20 parsers.
2025-05-19 14:54:57,244 - Velocimacro : initialization starting.
2025-05-19 14:54:57,244 - Velocimacro : adding VMs from VM library template : VM_global_library.vm
2025-05-19 14:54:57,246 - ResourceManager : unable to find resource 'VM_global_library.vm' in any resource loader.
2025-05-19 14:54:57,246 - Velocimacro : error using  VM library template VM_global_library.vm : org.apache.velocity.exception.ResourceNotFoundException: Unable to find resource 'VM_global_library.vm'
2025-05-19 14:54:57,246 - Velocimacro :  VM library template macro registration complete.
2025-05-19 14:54:57,246 - Velocimacro : allowInline = true : VMs can be defined inline in templates
2025-05-19 14:54:57,246 - Velocimacro : allowInlineToOverride = false : VMs defined inline may NOT replace previous VM definitions
2025-05-19 14:54:57,246 - Velocimacro : allowInlineLocal = false : VMs defined inline will be  global in scope if allowed.
2025-05-19 14:54:57,246 - Velocimacro : messages on  : VM system will output logging messages
2025-05-19 14:54:57,246 - Velocimacro : autoload off  : VM system will not automatically reload global library macros
2025-05-19 14:54:57,246 - Velocimacro : initialization complete.
2025-05-19 14:54:57,246 - Velocity successfully started.
2025-05-19 15:01:06,639 - SimpleLog4JLogSystem initialized using logfile 'velocity.log'
2025-05-19 15:01:06,639 - ************************************************************** 
2025-05-19 15:01:06,639 - Starting Jakarta Velocity v1.4
2025-05-19 15:01:06,639 - RuntimeInstance initializing.
2025-05-19 15:01:06,639 - Default Properties File: org\apache\velocity\runtime\defaults\velocity.properties
2025-05-19 15:01:06,639 - Trying to use logger class org.apache.velocity.runtime.log.SimpleLog4JLogSystem
2025-05-19 15:01:06,639 - Using logger class org.apache.velocity.runtime.log.SimpleLog4JLogSystem
2025-05-19 15:01:06,639 - Default ResourceManager initializing. (class org.apache.velocity.runtime.resource.ResourceManagerImpl)
2025-05-19 15:01:06,639 - Resource Loader Instantiated: org.apache.velocity.runtime.resource.loader.ClasspathResourceLoader
2025-05-19 15:01:06,639 - ClasspathResourceLoader : initialization starting.
2025-05-19 15:01:06,639 - ClasspathResourceLoader : initialization complete.
2025-05-19 15:01:06,639 - ResourceCache : initialized. (class org.apache.velocity.runtime.resource.ResourceCacheImpl)
2025-05-19 15:01:06,639 - Default ResourceManager initialization complete.
2025-05-19 15:01:06,639 - Loaded System Directive: org.apache.velocity.runtime.directive.Literal
2025-05-19 15:01:06,639 - Loaded System Directive: org.apache.velocity.runtime.directive.Macro
2025-05-19 15:01:06,639 - Loaded System Directive: org.apache.velocity.runtime.directive.Parse
2025-05-19 15:01:06,639 - Loaded System Directive: org.apache.velocity.runtime.directive.Include
2025-05-19 15:01:06,639 - Loaded System Directive: org.apache.velocity.runtime.directive.Foreach
2025-05-19 15:01:06,654 - Created: 20 parsers.
2025-05-19 15:01:06,654 - Velocimacro : initialization starting.
2025-05-19 15:01:06,654 - Velocimacro : adding VMs from VM library template : VM_global_library.vm
2025-05-19 15:01:06,654 - ResourceManager : unable to find resource 'VM_global_library.vm' in any resource loader.
2025-05-19 15:01:06,654 - Velocimacro : error using  VM library template VM_global_library.vm : org.apache.velocity.exception.ResourceNotFoundException: Unable to find resource 'VM_global_library.vm'
2025-05-19 15:01:06,654 - Velocimacro :  VM library template macro registration complete.
2025-05-19 15:01:06,654 - Velocimacro : allowInline = true : VMs can be defined inline in templates
2025-05-19 15:01:06,654 - Velocimacro : allowInlineToOverride = false : VMs defined inline may NOT replace previous VM definitions
2025-05-19 15:01:06,654 - Velocimacro : allowInlineLocal = false : VMs defined inline will be  global in scope if allowed.
2025-05-19 15:01:06,654 - Velocimacro : messages on  : VM system will output logging messages
2025-05-19 15:01:06,654 - Velocimacro : autoload off  : VM system will not automatically reload global library macros
2025-05-19 15:01:06,654 - Velocimacro : initialization complete.
2025-05-19 15:01:06,654 - Velocity successfully started.
2025-05-19 15:02:56,621 - SimpleLog4JLogSystem initialized using logfile 'velocity.log'
2025-05-19 15:02:56,621 - ************************************************************** 
2025-05-19 15:02:56,621 - Starting Jakarta Velocity v1.4
2025-05-19 15:02:56,621 - RuntimeInstance initializing.
2025-05-19 15:02:56,621 - Default Properties File: org\apache\velocity\runtime\defaults\velocity.properties
2025-05-19 15:02:56,621 - Trying to use logger class org.apache.velocity.runtime.log.SimpleLog4JLogSystem
2025-05-19 15:02:56,621 - Using logger class org.apache.velocity.runtime.log.SimpleLog4JLogSystem
2025-05-19 15:02:56,621 - Default ResourceManager initializing. (class org.apache.velocity.runtime.resource.ResourceManagerImpl)
2025-05-19 15:02:56,621 - Resource Loader Instantiated: org.apache.velocity.runtime.resource.loader.ClasspathResourceLoader
2025-05-19 15:02:56,621 - ClasspathResourceLoader : initialization starting.
2025-05-19 15:02:56,621 - ClasspathResourceLoader : initialization complete.
2025-05-19 15:02:56,621 - ResourceCache : initialized. (class org.apache.velocity.runtime.resource.ResourceCacheImpl)
2025-05-19 15:02:56,621 - Default ResourceManager initialization complete.
2025-05-19 15:02:56,621 - Loaded System Directive: org.apache.velocity.runtime.directive.Literal
2025-05-19 15:02:56,621 - Loaded System Directive: org.apache.velocity.runtime.directive.Macro
2025-05-19 15:02:56,621 - Loaded System Directive: org.apache.velocity.runtime.directive.Parse
2025-05-19 15:02:56,633 - Loaded System Directive: org.apache.velocity.runtime.directive.Include
2025-05-19 15:02:56,633 - Loaded System Directive: org.apache.velocity.runtime.directive.Foreach
2025-05-19 15:02:56,633 - Created: 20 parsers.
2025-05-19 15:02:56,633 - Velocimacro : initialization starting.
2025-05-19 15:02:56,633 - Velocimacro : adding VMs from VM library template : VM_global_library.vm
2025-05-19 15:02:56,633 - ResourceManager : unable to find resource 'VM_global_library.vm' in any resource loader.
2025-05-19 15:02:56,633 - Velocimacro : error using  VM library template VM_global_library.vm : org.apache.velocity.exception.ResourceNotFoundException: Unable to find resource 'VM_global_library.vm'
2025-05-19 15:02:56,633 - Velocimacro :  VM library template macro registration complete.
2025-05-19 15:02:56,633 - Velocimacro : allowInline = true : VMs can be defined inline in templates
2025-05-19 15:02:56,633 - Velocimacro : allowInlineToOverride = false : VMs defined inline may NOT replace previous VM definitions
2025-05-19 15:02:56,633 - Velocimacro : allowInlineLocal = false : VMs defined inline will be  global in scope if allowed.
2025-05-19 15:02:56,633 - Velocimacro : messages on  : VM system will output logging messages
2025-05-19 15:02:56,649 - Velocimacro : autoload off  : VM system will not automatically reload global library macros
2025-05-19 15:02:56,649 - Velocimacro : initialization complete.
2025-05-19 15:02:56,649 - Velocity successfully started.
2025-05-19 15:13:58,243 - SimpleLog4JLogSystem initialized using logfile 'velocity.log'
2025-05-19 15:13:58,243 - ************************************************************** 
2025-05-19 15:13:58,243 - Starting Jakarta Velocity v1.4
2025-05-19 15:13:58,243 - RuntimeInstance initializing.
2025-05-19 15:13:58,243 - Default Properties File: org\apache\velocity\runtime\defaults\velocity.properties
2025-05-19 15:13:58,243 - Trying to use logger class org.apache.velocity.runtime.log.SimpleLog4JLogSystem
2025-05-19 15:13:58,243 - Using logger class org.apache.velocity.runtime.log.SimpleLog4JLogSystem
2025-05-19 15:13:58,243 - Default ResourceManager initializing. (class org.apache.velocity.runtime.resource.ResourceManagerImpl)
2025-05-19 15:13:58,243 - Resource Loader Instantiated: org.apache.velocity.runtime.resource.loader.ClasspathResourceLoader
2025-05-19 15:13:58,243 - ClasspathResourceLoader : initialization starting.
2025-05-19 15:13:58,243 - ClasspathResourceLoader : initialization complete.
2025-05-19 15:13:58,243 - ResourceCache : initialized. (class org.apache.velocity.runtime.resource.ResourceCacheImpl)
2025-05-19 15:13:58,243 - Default ResourceManager initialization complete.
2025-05-19 15:13:58,249 - Loaded System Directive: org.apache.velocity.runtime.directive.Literal
2025-05-19 15:13:58,249 - Loaded System Directive: org.apache.velocity.runtime.directive.Macro
2025-05-19 15:13:58,249 - Loaded System Directive: org.apache.velocity.runtime.directive.Parse
2025-05-19 15:13:58,249 - Loaded System Directive: org.apache.velocity.runtime.directive.Include
2025-05-19 15:13:58,249 - Loaded System Directive: org.apache.velocity.runtime.directive.Foreach
2025-05-19 15:13:58,249 - Created: 20 parsers.
2025-05-19 15:13:58,265 - Velocimacro : initialization starting.
2025-05-19 15:13:58,265 - Velocimacro : adding VMs from VM library template : VM_global_library.vm
2025-05-19 15:13:58,265 - ResourceManager : unable to find resource 'VM_global_library.vm' in any resource loader.
2025-05-19 15:13:58,265 - Velocimacro : error using  VM library template VM_global_library.vm : org.apache.velocity.exception.ResourceNotFoundException: Unable to find resource 'VM_global_library.vm'
2025-05-19 15:13:58,265 - Velocimacro :  VM library template macro registration complete.
2025-05-19 15:13:58,265 - Velocimacro : allowInline = true : VMs can be defined inline in templates
2025-05-19 15:13:58,265 - Velocimacro : allowInlineToOverride = false : VMs defined inline may NOT replace previous VM definitions
2025-05-19 15:13:58,265 - Velocimacro : allowInlineLocal = false : VMs defined inline will be  global in scope if allowed.
2025-05-19 15:13:58,265 - Velocimacro : messages on  : VM system will output logging messages
2025-05-19 15:13:58,265 - Velocimacro : autoload off  : VM system will not automatically reload global library macros
2025-05-19 15:13:58,265 - Velocimacro : initialization complete.
2025-05-19 15:13:58,265 - Velocity successfully started.
2025-05-19 15:20:11,959 - SimpleLog4JLogSystem initialized using logfile 'velocity.log'
2025-05-19 15:20:11,959 - ************************************************************** 
2025-05-19 15:20:11,959 - Starting Jakarta Velocity v1.4
2025-05-19 15:20:11,959 - RuntimeInstance initializing.
2025-05-19 15:20:11,959 - Default Properties File: org\apache\velocity\runtime\defaults\velocity.properties
2025-05-19 15:20:11,959 - Trying to use logger class org.apache.velocity.runtime.log.SimpleLog4JLogSystem
2025-05-19 15:20:11,959 - Using logger class org.apache.velocity.runtime.log.SimpleLog4JLogSystem
2025-05-19 15:20:11,959 - Default ResourceManager initializing. (class org.apache.velocity.runtime.resource.ResourceManagerImpl)
2025-05-19 15:20:11,959 - Resource Loader Instantiated: org.apache.velocity.runtime.resource.loader.ClasspathResourceLoader
2025-05-19 15:20:11,959 - ClasspathResourceLoader : initialization starting.
2025-05-19 15:20:11,959 - ClasspathResourceLoader : initialization complete.
2025-05-19 15:20:11,964 - ResourceCache : initialized. (class org.apache.velocity.runtime.resource.ResourceCacheImpl)
2025-05-19 15:20:11,964 - Default ResourceManager initialization complete.
2025-05-19 15:20:11,964 - Loaded System Directive: org.apache.velocity.runtime.directive.Literal
2025-05-19 15:20:11,964 - Loaded System Directive: org.apache.velocity.runtime.directive.Macro
2025-05-19 15:20:11,964 - Loaded System Directive: org.apache.velocity.runtime.directive.Parse
2025-05-19 15:20:11,964 - Loaded System Directive: org.apache.velocity.runtime.directive.Include
2025-05-19 15:20:11,967 - Loaded System Directive: org.apache.velocity.runtime.directive.Foreach
2025-05-19 15:20:11,970 - Created: 20 parsers.
2025-05-19 15:20:11,970 - Velocimacro : initialization starting.
2025-05-19 15:20:11,970 - Velocimacro : adding VMs from VM library template : VM_global_library.vm
2025-05-19 15:20:11,970 - ResourceManager : unable to find resource 'VM_global_library.vm' in any resource loader.
2025-05-19 15:20:11,970 - Velocimacro : error using  VM library template VM_global_library.vm : org.apache.velocity.exception.ResourceNotFoundException: Unable to find resource 'VM_global_library.vm'
2025-05-19 15:20:11,970 - Velocimacro :  VM library template macro registration complete.
2025-05-19 15:20:11,970 - Velocimacro : allowInline = true : VMs can be defined inline in templates
2025-05-19 15:20:11,970 - Velocimacro : allowInlineToOverride = false : VMs defined inline may NOT replace previous VM definitions
2025-05-19 15:20:11,970 - Velocimacro : allowInlineLocal = false : VMs defined inline will be  global in scope if allowed.
2025-05-19 15:20:11,970 - Velocimacro : messages on  : VM system will output logging messages
2025-05-19 15:20:11,970 - Velocimacro : autoload off  : VM system will not automatically reload global library macros
2025-05-19 15:20:11,970 - Velocimacro : initialization complete.
2025-05-19 15:20:11,970 - Velocity successfully started.
2025-05-19 15:21:46,909 - SimpleLog4JLogSystem initialized using logfile 'velocity.log'
2025-05-19 15:21:46,909 - ************************************************************** 
2025-05-19 15:21:46,909 - Starting Jakarta Velocity v1.4
2025-05-19 15:21:46,909 - RuntimeInstance initializing.
2025-05-19 15:21:46,909 - Default Properties File: org\apache\velocity\runtime\defaults\velocity.properties
2025-05-19 15:21:46,909 - Trying to use logger class org.apache.velocity.runtime.log.SimpleLog4JLogSystem
2025-05-19 15:21:46,909 - Using logger class org.apache.velocity.runtime.log.SimpleLog4JLogSystem
2025-05-19 15:21:46,912 - Default ResourceManager initializing. (class org.apache.velocity.runtime.resource.ResourceManagerImpl)
2025-05-19 15:21:46,912 - Resource Loader Instantiated: org.apache.velocity.runtime.resource.loader.ClasspathResourceLoader
2025-05-19 15:21:46,912 - ClasspathResourceLoader : initialization starting.
2025-05-19 15:21:46,912 - ClasspathResourceLoader : initialization complete.
2025-05-19 15:21:46,912 - ResourceCache : initialized. (class org.apache.velocity.runtime.resource.ResourceCacheImpl)
2025-05-19 15:21:46,912 - Default ResourceManager initialization complete.
2025-05-19 15:21:46,912 - Loaded System Directive: org.apache.velocity.runtime.directive.Literal
2025-05-19 15:21:46,912 - Loaded System Directive: org.apache.velocity.runtime.directive.Macro
2025-05-19 15:21:46,912 - Loaded System Directive: org.apache.velocity.runtime.directive.Parse
2025-05-19 15:21:46,912 - Loaded System Directive: org.apache.velocity.runtime.directive.Include
2025-05-19 15:21:46,912 - Loaded System Directive: org.apache.velocity.runtime.directive.Foreach
2025-05-19 15:21:46,921 - Created: 20 parsers.
2025-05-19 15:21:46,921 - Velocimacro : initialization starting.
2025-05-19 15:21:46,921 - Velocimacro : adding VMs from VM library template : VM_global_library.vm
2025-05-19 15:21:46,921 - ResourceManager : unable to find resource 'VM_global_library.vm' in any resource loader.
2025-05-19 15:21:46,921 - Velocimacro : error using  VM library template VM_global_library.vm : org.apache.velocity.exception.ResourceNotFoundException: Unable to find resource 'VM_global_library.vm'
2025-05-19 15:21:46,921 - Velocimacro :  VM library template macro registration complete.
2025-05-19 15:21:46,921 - Velocimacro : allowInline = true : VMs can be defined inline in templates
2025-05-19 15:21:46,921 - Velocimacro : allowInlineToOverride = false : VMs defined inline may NOT replace previous VM definitions
2025-05-19 15:21:46,921 - Velocimacro : allowInlineLocal = false : VMs defined inline will be  global in scope if allowed.
2025-05-19 15:21:46,921 - Velocimacro : messages on  : VM system will output logging messages
2025-05-19 15:21:46,921 - Velocimacro : autoload off  : VM system will not automatically reload global library macros
2025-05-19 15:21:46,921 - Velocimacro : initialization complete.
2025-05-19 15:21:46,921 - Velocity successfully started.
2025-05-19 15:29:53,712 - SimpleLog4JLogSystem initialized using logfile 'velocity.log'
2025-05-19 15:29:53,712 - ************************************************************** 
2025-05-19 15:29:53,712 - Starting Jakarta Velocity v1.4
2025-05-19 15:29:53,712 - RuntimeInstance initializing.
2025-05-19 15:29:53,712 - Default Properties File: org\apache\velocity\runtime\defaults\velocity.properties
2025-05-19 15:29:53,712 - Trying to use logger class org.apache.velocity.runtime.log.SimpleLog4JLogSystem
2025-05-19 15:29:53,712 - Using logger class org.apache.velocity.runtime.log.SimpleLog4JLogSystem
2025-05-19 15:29:53,712 - Default ResourceManager initializing. (class org.apache.velocity.runtime.resource.ResourceManagerImpl)
2025-05-19 15:29:53,712 - Resource Loader Instantiated: org.apache.velocity.runtime.resource.loader.ClasspathResourceLoader
2025-05-19 15:29:53,712 - ClasspathResourceLoader : initialization starting.
2025-05-19 15:29:53,712 - ClasspathResourceLoader : initialization complete.
2025-05-19 15:29:53,712 - ResourceCache : initialized. (class org.apache.velocity.runtime.resource.ResourceCacheImpl)
2025-05-19 15:29:53,712 - Default ResourceManager initialization complete.
2025-05-19 15:29:53,712 - Loaded System Directive: org.apache.velocity.runtime.directive.Literal
2025-05-19 15:29:53,712 - Loaded System Directive: org.apache.velocity.runtime.directive.Macro
2025-05-19 15:29:53,712 - Loaded System Directive: org.apache.velocity.runtime.directive.Parse
2025-05-19 15:29:53,712 - Loaded System Directive: org.apache.velocity.runtime.directive.Include
2025-05-19 15:29:53,712 - Loaded System Directive: org.apache.velocity.runtime.directive.Foreach
2025-05-19 15:29:53,726 - Created: 20 parsers.
2025-05-19 15:29:53,726 - Velocimacro : initialization starting.
2025-05-19 15:29:53,742 - Velocimacro : adding VMs from VM library template : VM_global_library.vm
2025-05-19 15:29:53,742 - ResourceManager : unable to find resource 'VM_global_library.vm' in any resource loader.
2025-05-19 15:29:53,742 - Velocimacro : error using  VM library template VM_global_library.vm : org.apache.velocity.exception.ResourceNotFoundException: Unable to find resource 'VM_global_library.vm'
2025-05-19 15:29:53,742 - Velocimacro :  VM library template macro registration complete.
2025-05-19 15:29:53,742 - Velocimacro : allowInline = true : VMs can be defined inline in templates
2025-05-19 15:29:53,742 - Velocimacro : allowInlineToOverride = false : VMs defined inline may NOT replace previous VM definitions
2025-05-19 15:29:53,742 - Velocimacro : allowInlineLocal = false : VMs defined inline will be  global in scope if allowed.
2025-05-19 15:29:53,742 - Velocimacro : messages on  : VM system will output logging messages
2025-05-19 15:29:53,742 - Velocimacro : autoload off  : VM system will not automatically reload global library macros
2025-05-19 15:29:53,742 - Velocimacro : initialization complete.
2025-05-19 15:29:53,742 - Velocity successfully started.
